../Drivers/nrf24l01/src/support_st.hpp:14:13:void Delay_ms(uint32_t)	16	static
../Drivers/nrf24l01/src/support_st.hpp:27:13:void nRF24_CSN_L()	8	static
../Drivers/nrf24l01/src/support_st.hpp:31:13:void nRF24_CSN_H()	8	static
../Drivers/nrf24l01/src/support_st.hpp:35:16:uint8_t nRF24_LL_RW(uint8_t)	40	static
../Drivers/nrf24l01/src/support_st.hpp:47:13:)	272	static
../Drivers/nrf24l01/src/nrf24.cpp:16:16:uint8_t nRF24_ReadReg(uint8_t)	24	static
../Drivers/nrf24l01/src/nrf24.cpp:31:13:void nRF24_WriteReg(uint8_t, uint8_t)	16	static
../Drivers/nrf24l01/src/nrf24.cpp:54:13:void nRF24_ReadMBReg(uint8_t, uint8_t*, uint8_t)	24	static
../Drivers/nrf24l01/src/nrf24.cpp:68:13:void nRF24_WriteMBReg(uint8_t, uint8_t*, uint8_t)	16	static
../Drivers/nrf24l01/src/nrf24.cpp:79:6:void nRF24_Init()	8	static
../Drivers/nrf24l01/src/nrf24.cpp:113:9:uint8_t nRF24_Check()	24	static
../Drivers/nrf24l01/src/nrf24.cpp:135:6:void nRF24_SetPowerMode(uint8_t)	24	static
../Drivers/nrf24l01/src/nrf24.cpp:154:6:void nRF24_SetOperationalMode(uint8_t)	24	static
../Drivers/nrf24l01/src/nrf24.cpp:167:6:void nRF24_SetDynamicPayloadLength(uint8_t)	24	static
../Drivers/nrf24l01/src/nrf24.cpp:182:6:void nRF24_SetPayloadWithAck(uint8_t)	24	static
../Drivers/nrf24l01/src/nrf24.cpp:197:6:void nRF24_SetCRCScheme(uint8_t)	24	static
../Drivers/nrf24l01/src/nrf24.cpp:212:6:void nRF24_SetRFChannel(uint8_t)	16	static
../Drivers/nrf24l01/src/nrf24.cpp:221:6:void nRF24_SetAutoRetr(uint8_t, uint8_t)	16	static
../Drivers/nrf24l01/src/nrf24.cpp:230:6:void nRF24_SetAddrWidth(uint8_t)	16	static
../Drivers/nrf24l01/src/nrf24.cpp:244:6:void nRF24_SetAddr(uint8_t, const uint8_t*)	24	static
../Drivers/nrf24l01/src/nrf24.cpp:279:6:void nRF24_SetTXPower(uint8_t)	24	static
../Drivers/nrf24l01/src/nrf24.cpp:292:6:void nRF24_SetDataRate(uint8_t)	24	static
../Drivers/nrf24l01/src/nrf24.cpp:307:6:void nRF24_SetRXPipe(uint8_t, uint8_t, uint8_t)	24	static
../Drivers/nrf24l01/src/nrf24.cpp:330:6:void nRF24_ClosePipe(uint8_t)	24	static
../Drivers/nrf24l01/src/nrf24.cpp:342:6:void nRF24_EnableAA(uint8_t)	24	static
../Drivers/nrf24l01/src/nrf24.cpp:354:6:void nRF24_DisableAA(uint8_t)	24	static
../Drivers/nrf24l01/src/nrf24.cpp:370:9:uint8_t nRF24_GetStatus()	8	static
../Drivers/nrf24l01/src/nrf24.cpp:376:9:uint8_t nRF24_GetIRQFlags()	8	static
../Drivers/nrf24l01/src/nrf24.cpp:382:9:uint8_t nRF24_GetStatus_RXFIFO()	8	static
../Drivers/nrf24l01/src/nrf24.cpp:389:9:uint8_t nRF24_GetStatus_TXFIFO()	8	static
../Drivers/nrf24l01/src/nrf24.cpp:395:9:uint8_t nRF24_GetRXSource()	8	static
../Drivers/nrf24l01/src/nrf24.cpp:403:9:uint8_t nRF24_GetRetransmitCounters()	8	static
../Drivers/nrf24l01/src/nrf24.cpp:408:6:void nRF24_ResetPLOS()	16	static
../Drivers/nrf24l01/src/nrf24.cpp:417:6:void nRF24_FlushTX()	8	static
../Drivers/nrf24l01/src/nrf24.cpp:422:6:void nRF24_FlushRX()	8	static
../Drivers/nrf24l01/src/nrf24.cpp:427:6:void nRF24_ClearIRQFlags()	16	static
../Drivers/nrf24l01/src/nrf24.cpp:440:6:void nRF24_WritePayload(uint8_t*, uint8_t)	16	static
../Drivers/nrf24l01/src/nrf24.cpp:444:16:uint8_t nRF24_GetRxDplPayloadWidth()	16	static
../Drivers/nrf24l01/src/nrf24.cpp:456:23:nRF24_RXResult nRF24_ReadPayloadGeneric(uint8_t*, uint8_t*, uint8_t)	32	static
../Drivers/nrf24l01/src/nrf24.cpp:496:16:nRF24_RXResult nRF24_ReadPayload(uint8_t*, uint8_t*)	16	static
../Drivers/nrf24l01/src/nrf24.cpp:500:16:nRF24_RXResult nRF24_ReadPayloadDpl(uint8_t*, uint8_t*)	16	static
../Drivers/nrf24l01/src/nrf24.cpp:504:9:uint8_t nRF24_GetFeatures()	8	static
../Drivers/nrf24l01/src/nrf24.cpp:507:6:void nRF24_ActivateFeatures()	8	static
../Drivers/nrf24l01/src/nrf24.cpp:513:6:void nRF24_WriteAckPayload(nRF24_RXResult, uint8_t*, uint8_t)	16	static
../Drivers/nrf24l01/src/nrf24.cpp:525:6:void nRF24_DumpConfig()	40	static
