Archive member included to satisfy reference by file (symbol)

C:/ST/STM32CubeIDE_1.2.0/STM32CubeIDE/plugins/com.st.stm32cube.ide.mcu.externaltools.gnu-tools-for-stm32.11.3.rel1.win32_1.1.0.202305231506/tools/bin/../lib/gcc/arm-none-eabi/11.3.1/../../../../arm-none-eabi/lib/thumb/v7e-m+fp/hard\libstdc++_nano.a(del_ops.o)
                              ./Core/Src/RC_RX.o (operator delete(void*, unsigned int))
C:/ST/STM32CubeIDE_1.2.0/STM32CubeIDE/plugins/com.st.stm32cube.ide.mcu.externaltools.gnu-tools-for-stm32.11.3.rel1.win32_1.1.0.202305231506/tools/bin/../lib/gcc/arm-none-eabi/11.3.1/../../../../arm-none-eabi/lib/thumb/v7e-m+fp/hard\libstdc++_nano.a(new_op.o)
                              ./Core/Src/RC_RX.o (operator new(unsigned int))
C:/ST/STM32CubeIDE_1.2.0/STM32CubeIDE/plugins/com.st.stm32cube.ide.mcu.externaltools.gnu-tools-for-stm32.11.3.rel1.win32_1.1.0.202305231506/tools/bin/../lib/gcc/arm-none-eabi/11.3.1/../../../../arm-none-eabi/lib/thumb/v7e-m+fp/hard\libstdc++_nano.a(functexcept.o)
                              ./Core/Src/RC_RX.o (std::__throw_bad_alloc())
C:/ST/STM32CubeIDE_1.2.0/STM32CubeIDE/plugins/com.st.stm32cube.ide.mcu.externaltools.gnu-tools-for-stm32.11.3.rel1.win32_1.1.0.202305231506/tools/bin/../lib/gcc/arm-none-eabi/11.3.1/../../../../arm-none-eabi/lib/thumb/v7e-m+fp/hard\libstdc++_nano.a(snprintf_lite.o)
                              C:/ST/STM32CubeIDE_1.2.0/STM32CubeIDE/plugins/com.st.stm32cube.ide.mcu.externaltools.gnu-tools-for-stm32.11.3.rel1.win32_1.1.0.202305231506/tools/bin/../lib/gcc/arm-none-eabi/11.3.1/../../../../arm-none-eabi/lib/thumb/v7e-m+fp/hard\libstdc++_nano.a(functexcept.o) (__gnu_cxx::__snprintf_lite(char*, unsigned int, char const*, std::__va_list))
C:/ST/STM32CubeIDE_1.2.0/STM32CubeIDE/plugins/com.st.stm32cube.ide.mcu.externaltools.gnu-tools-for-stm32.11.3.rel1.win32_1.1.0.202305231506/tools/bin/../lib/gcc/arm-none-eabi/11.3.1/../../../../arm-none-eabi/lib/thumb/v7e-m+fp/hard\libstdc++_nano.a(del_op.o)
                              C:/ST/STM32CubeIDE_1.2.0/STM32CubeIDE/plugins/com.st.stm32cube.ide.mcu.externaltools.gnu-tools-for-stm32.11.3.rel1.win32_1.1.0.202305231506/tools/bin/../lib/gcc/arm-none-eabi/11.3.1/../../../../arm-none-eabi/lib/thumb/v7e-m+fp/hard\libstdc++_nano.a(del_ops.o) (operator delete(void*))
C:/ST/STM32CubeIDE_1.2.0/STM32CubeIDE/plugins/com.st.stm32cube.ide.mcu.externaltools.gnu-tools-for-stm32.11.3.rel1.win32_1.1.0.202305231506/tools/bin/../lib/gcc/arm-none-eabi/11.3.1/../../../../arm-none-eabi/lib/thumb/v7e-m+fp/hard\libstdc++_nano.a(new_handler.o)
                              C:/ST/STM32CubeIDE_1.2.0/STM32CubeIDE/plugins/com.st.stm32cube.ide.mcu.externaltools.gnu-tools-for-stm32.11.3.rel1.win32_1.1.0.202305231506/tools/bin/../lib/gcc/arm-none-eabi/11.3.1/../../../../arm-none-eabi/lib/thumb/v7e-m+fp/hard\libstdc++_nano.a(new_op.o) (std::get_new_handler())
C:/ST/STM32CubeIDE_1.2.0/STM32CubeIDE/plugins/com.st.stm32cube.ide.mcu.externaltools.gnu-tools-for-stm32.11.3.rel1.win32_1.1.0.202305231506/tools/bin/../lib/gcc/arm-none-eabi/11.3.1/../../../../arm-none-eabi/lib/thumb/v7e-m+fp/hard\libc_nano.a(libc_a-abort.o)
                              C:/ST/STM32CubeIDE_1.2.0/STM32CubeIDE/plugins/com.st.stm32cube.ide.mcu.externaltools.gnu-tools-for-stm32.11.3.rel1.win32_1.1.0.202305231506/tools/bin/../lib/gcc/arm-none-eabi/11.3.1/../../../../arm-none-eabi/lib/thumb/v7e-m+fp/hard\libstdc++_nano.a(new_op.o) (abort)
C:/ST/STM32CubeIDE_1.2.0/STM32CubeIDE/plugins/com.st.stm32cube.ide.mcu.externaltools.gnu-tools-for-stm32.11.3.rel1.win32_1.1.0.202305231506/tools/bin/../lib/gcc/arm-none-eabi/11.3.1/../../../../arm-none-eabi/lib/thumb/v7e-m+fp/hard\libc_nano.a(libc_a-exit.o)
                              C:/ST/STM32CubeIDE_1.2.0/STM32CubeIDE/plugins/com.st.stm32cube.ide.mcu.externaltools.gnu-tools-for-stm32.11.3.rel1.win32_1.1.0.202305231506/tools/bin/../lib/gcc/arm-none-eabi/11.3.1/../../../../arm-none-eabi/lib/thumb/v7e-m+fp/hard/crt0.o (exit)
C:/ST/STM32CubeIDE_1.2.0/STM32CubeIDE/plugins/com.st.stm32cube.ide.mcu.externaltools.gnu-tools-for-stm32.11.3.rel1.win32_1.1.0.202305231506/tools/bin/../lib/gcc/arm-none-eabi/11.3.1/../../../../arm-none-eabi/lib/thumb/v7e-m+fp/hard\libc_nano.a(libc_a-malloc.o)
                              ./Core/Src/RC_RX.o (malloc)
C:/ST/STM32CubeIDE_1.2.0/STM32CubeIDE/plugins/com.st.stm32cube.ide.mcu.externaltools.gnu-tools-for-stm32.11.3.rel1.win32_1.1.0.202305231506/tools/bin/../lib/gcc/arm-none-eabi/11.3.1/../../../../arm-none-eabi/lib/thumb/v7e-m+fp/hard\libc_nano.a(libc_a-mallocr.o)
                              C:/ST/STM32CubeIDE_1.2.0/STM32CubeIDE/plugins/com.st.stm32cube.ide.mcu.externaltools.gnu-tools-for-stm32.11.3.rel1.win32_1.1.0.202305231506/tools/bin/../lib/gcc/arm-none-eabi/11.3.1/../../../../arm-none-eabi/lib/thumb/v7e-m+fp/hard\libc_nano.a(libc_a-malloc.o) (_malloc_r)
[...]
Memory Configuration

Name             Origin             Length             Attributes
CCMRAM           0x0000000010000000 0x0000000000010000 xrw
RAM              0x0000000020000000 0x0000000000020000 xrw
FLASH            0x0000000008000000 0x0000000000080000 xr
*default*        0x0000000000000000 0xffffffffffffffff

Linker script and memory map

LOAD C:/ST/STM32CubeIDE_1.2.0/STM32CubeIDE/plugins/com.st.stm32cube.ide.mcu.externaltools.gnu-tools-for-stm32.11.3.rel1.win32_1.1.0.202305231506/tools/bin/../lib/gcc/arm-none-eabi/11.3.1/thumb/v7e-m+fp/hard/crti.o
LOAD C:/ST/STM32CubeIDE_1.2.0/STM32CubeIDE/plugins/com.st.stm32cube.ide.mcu.externaltools.gnu-tools-for-stm32.11.3.rel1.win32_1.1.0.202305231506/tools/bin/../lib/gcc/arm-none-eabi/11.3.1/thumb/v7e-m+fp/hard/crtbegin.o
LOAD C:/ST/STM32CubeIDE_1.2.0/STM32CubeIDE/plugins/com.st.stm32cube.ide.mcu.externaltools.gnu-tools-for-stm32.11.3.rel1.win32_1.1.0.202305231506/tools/bin/../lib/gcc/arm-none-eabi/11.3.1/../../../../arm-none-eabi/lib/thumb/v7e-m+fp/hard/crt0.o
LOAD ./Core/Src/RC_RX.o
LOAD ./Core/Src/crc.o
LOAD ./Core/Src/dac.o
LOAD ./Core/Src/gpio.o
LOAD ./Core/Src/i2c.o
LOAD ./Core/Src/main.o
LOAD ./Core/Src/math.o
LOAD ./Core/Src/spi.o
LOAD ./Core/Src/stm32f4xx_hal_msp.o
LOAD ./Core/Src/stm32f4xx_it.o
LOAD ./Core/Src/system_stm32f4xx.o
LOAD ./Core/Src/tim.o
LOAD ./Core/Src/usart.o
LOAD ./Core/Startup/startup_stm32f407vetx.o
LOAD ./Drivers/ArduinoBackport/TimerHelpers.o
LOAD ./Drivers/SBUS/sbus.o
LOAD ./Drivers/STM32F4xx_HAL_Driver/Src/stm32f4xx_hal.o
LOAD ./Drivers/STM32F4xx_HAL_Driver/Src/stm32f4xx_hal_cortex.o
LOAD ./Drivers/STM32F4xx_HAL_Driver/Src/stm32f4xx_hal_crc.o
LOAD ./Drivers/STM32F4xx_HAL_Driver/Src/stm32f4xx_hal_dac.o
LOAD ./Drivers/STM32F4xx_HAL_Driver/Src/stm32f4xx_hal_dac_ex.o
LOAD ./Drivers/STM32F4xx_HAL_Driver/Src/stm32f4xx_hal_dma.o
LOAD ./Drivers/STM32F4xx_HAL_Driver/Src/stm32f4xx_hal_dma_ex.o
LOAD ./Drivers/STM32F4xx_HAL_Driver/Src/stm32f4xx_hal_exti.o
LOAD ./Drivers/STM32F4xx_HAL_Driver/Src/stm32f4xx_hal_flash.o
LOAD ./Drivers/STM32F4xx_HAL_Driver/Src/stm32f4xx_hal_flash_ex.o
LOAD ./Drivers/STM32F4xx_HAL_Driver/Src/stm32f4xx_hal_flash_ramfunc.o
LOAD ./Drivers/STM32F4xx_HAL_Driver/Src/stm32f4xx_hal_gpio.o
LOAD ./Drivers/STM32F4xx_HAL_Driver/Src/stm32f4xx_hal_i2c.o
LOAD ./Drivers/STM32F4xx_HAL_Driver/Src/stm32f4xx_hal_i2c_ex.o
LOAD ./Drivers/STM32F4xx_HAL_Driver/Src/stm32f4xx_hal_pwr.o
LOAD ./Drivers/STM32F4xx_HAL_Driver/Src/stm32f4xx_hal_pwr_ex.o
LOAD ./Drivers/STM32F4xx_HAL_Driver/Src/stm32f4xx_hal_rcc.o
LOAD ./Drivers/STM32F4xx_HAL_Driver/Src/stm32f4xx_hal_rcc_ex.o
LOAD ./Drivers/STM32F4xx_HAL_Driver/Src/stm32f4xx_hal_spi.o
LOAD ./Drivers/STM32F4xx_HAL_Driver/Src/stm32f4xx_hal_tim.o
LOAD ./Drivers/STM32F4xx_HAL_Driver/Src/stm32f4xx_hal_tim_ex.o
LOAD ./Drivers/STM32F4xx_HAL_Driver/Src/stm32f4xx_hal_uart.o
LOAD ./Drivers/SharedCode/SharedFunctions.o
LOAD ./Drivers/nrf24l01/src/nrf24.o
LOAD ./Drivers/w25qxx/w25qxx.o
START GROUP
LOAD C:/ST/STM32CubeIDE_1.2.0/STM32CubeIDE/plugins/com.st.stm32cube.ide.mcu.externaltools.gnu-tools-for-stm32.11.3.rel1.win32_1.1.0.202305231506/tools/bin/../lib/gcc/arm-none-eabi/11.3.1/../../../../arm-none-eabi/lib/thumb/v7e-m+fp/hard\libstdc++_nano.a
LOAD C:/ST/STM32CubeIDE_1.2.0/STM32CubeIDE/plugins/com.st.stm32cube.ide.mcu.externaltools.gnu-tools-for-stm32.11.3.rel1.win32_1.1.0.202305231506/tools/bin/../lib/gcc/arm-none-eabi/11.3.1/../../../../arm-none-eabi/lib/thumb/v7e-m+fp/hard\libsupc++_nano.a
END GROUP
LOAD C:/ST/STM32CubeIDE_1.2.0/STM32CubeIDE/plugins/com.st.stm32cube.ide.mcu.externaltools.gnu-tools-for-stm32.11.3.rel1.win32_1.1.0.202305231506/tools/bin/../lib/gcc/arm-none-eabi/11.3.1/../../../../arm-none-eabi/lib/thumb/v7e-m+fp/hard\libstdc++_nano.a
LOAD C:/ST/STM32CubeIDE_1.2.0/STM32CubeIDE/plugins/com.st.stm32cube.ide.mcu.externaltools.gnu-tools-for-stm32.11.3.rel1.win32_1.1.0.202305231506/tools/bin/../lib/gcc/arm-none-eabi/11.3.1/../../../../arm-none-eabi/lib/thumb/v7e-m+fp/hard\libm.a
LOAD C:/ST/STM32CubeIDE_1.2.0/STM32CubeIDE/plugins/com.st.stm32cube.ide.mcu.externaltools.gnu-tools-for-stm32.11.3.rel1.win32_1.1.0.202305231506/tools/bin/../lib/gcc/arm-none-eabi/11.3.1/../../../../arm-none-eabi/lib/thumb/v7e-m+fp/hard\libc_nano.a
START GROUP
LOAD C:/ST/STM32CubeIDE_1.2.0/STM32CubeIDE/plugins/com.st.stm32cube.ide.mcu.externaltools.gnu-tools-for-stm32.11.3.rel1.win32_1.1.0.202305231506/tools/bin/../lib/gcc/arm-none-eabi/11.3.1/thumb/v7e-m+fp/hard\libgcc.a
LOAD C:/ST/STM32CubeIDE_1.2.0/STM32CubeIDE/plugins/com.st.stm32cube.ide.mcu.externaltools.gnu-tools-for-stm32.11.3.rel1.win32_1.1.0.202305231506/tools/bin/../lib/gcc/arm-none-eabi/11.3.1/../../../../arm-none-eabi/lib/thumb/v7e-m+fp/hard\libc_nano.a
END GROUP
START GROUP
LOAD C:/ST/STM32CubeIDE_1.2.0/STM32CubeIDE/plugins/com.st.stm32cube.ide.mcu.externaltools.gnu-tools-for-stm32.11.3.rel1.win32_1.1.0.202305231506/tools/bin/../lib/gcc/arm-none-eabi/11.3.1/thumb/v7e-m+fp/hard\libgcc.a
LOAD C:/ST/STM32CubeIDE_1.2.0/STM32CubeIDE/plugins/com.st.stm32cube.ide.mcu.externaltools.gnu-tools-for-stm32.11.3.rel1.win32_1.1.0.202305231506/tools/bin/../lib/gcc/arm-none-eabi/11.3.1/../../../../arm-none-eabi/lib/thumb/v7e-m+fp/hard\libc_nano.a
LOAD C:/ST/STM32CubeIDE_1.2.0/STM32CubeIDE/plugins/com.st.stm32cube.ide.mcu.externaltools.gnu-tools-for-stm32.11.3.rel1.win32_1.1.0.202305231506/tools/bin/../lib/gcc/arm-none-eabi/11.3.1/../../../../arm-none-eabi/lib/thumb/v7e-m+fp/hard\libnosys.a
END GROUP
START GROUP
LOAD C:/ST/STM32CubeIDE_1.2.0/STM32CubeIDE/plugins/com.st.stm32cube.ide.mcu.externaltools.gnu-tools-for-stm32.11.3.rel1.win32_1.1.0.202305231506/tools/bin/../lib/gcc/arm-none-eabi/11.3.1/thumb/v7e-m+fp/hard\libgcc.a
LOAD C:/ST/STM32CubeIDE_1.2.0/STM32CubeIDE/plugins/com.st.stm32cube.ide.mcu.externaltools.gnu-tools-for-stm32.11.3.rel1.win32_1.1.0.202305231506/tools/bin/../lib/gcc/arm-none-eabi/11.3.1/../../../../arm-none-eabi/lib/thumb/v7e-m+fp/hard\libc_nano.a
LOAD C:/ST/STM32CubeIDE_1.2.0/STM32CubeIDE/plugins/com.st.stm32cube.ide.mcu.externaltools.gnu-tools-for-stm32.11.3.rel1.win32_1.1.0.202305231506/tools/bin/../lib/gcc/arm-none-eabi/11.3.1/../../../../arm-none-eabi/lib/thumb/v7e-m+fp/hard\libnosys.a
END GROUP
LOAD C:/ST/STM32CubeIDE_1.2.0/STM32CubeIDE/plugins/com.st.stm32cube.ide.mcu.externaltools.gnu-tools-for-stm32.11.3.rel1.win32_1.1.0.202305231506/tools/bin/../lib/gcc/arm-none-eabi/11.3.1/thumb/v7e-m+fp/hard/crtend.o
LOAD C:/ST/STM32CubeIDE_1.2.0/STM32CubeIDE/plugins/com.st.stm32cube.ide.mcu.externaltools.gnu-tools-for-stm32.11.3.rel1.win32_1.1.0.202305231506/tools/bin/../lib/gcc/arm-none-eabi/11.3.1/thumb/v7e-m+fp/hard/crtn.o
                0x0000000020020000                _estack = (ORIGIN (RAM) + LENGTH (RAM))
                0x0000000000000200                _Min_Heap_Size = 0x200
                0x0000000000000400                _Min_Stack_Size = 0x400

.isr_vector     0x0000000008000000      0x188
                0x0000000008000000                . = ALIGN (0x4)
 *(.isr_vector)
 .isr_vector    0x0000000008000000      0x188 ./Core/Startup/startup_stm32f407vetx.o
                0x0000000008000000                g_pfnVectors
                0x0000000008000188                . = ALIGN (0x4)

.text           0x0000000008000190     0xde08
                0x0000000008000190                . = ALIGN (0x4)
 *(.text)
 .text          0x0000000008000190       0x40 C:/ST/STM32CubeIDE_1.2.0/STM32CubeIDE/plugins/com.st.stm32cube.ide.mcu.externaltools.gnu-tools-for-stm32.11.3.rel1.win32_1.1.0.202305231506/tools/bin/../lib/gcc/arm-none-eabi/11.3.1/thumb/v7e-m+fp/hard/crtbegin.o
 .text          0x00000000080001d0       0xa0 C:/ST/STM32CubeIDE_1.2.0/STM32CubeIDE/plugins/com.st.stm32cube.ide.mcu.externaltools.gnu-tools-for-stm32.11.3.rel1.win32_1.1.0.202305231506/tools/bin/../lib/gcc/arm-none-eabi/11.3.1/../../../../arm-none-eabi/lib/thumb/v7e-m+fp/hard\libc_nano.a(libc_a-memchr.o)
                0x00000000080001d0                memchr
 .text          0x0000000008000270       0x10 C:/ST/STM32CubeIDE_1.2.0/STM32CubeIDE/plugins/com.st.stm32cube.ide.mcu.externaltools.gnu-tools-for-stm32.11.3.rel1.win32_1.1.0.202305231506/tools/bin/../lib/gcc/arm-none-eabi/11.3.1/../../../../arm-none-eabi/lib/thumb/v7e-m+fp/hard\libc_nano.a(libc_a-strlen.o)
                0x0000000008000270                strlen
 .text          0x0000000008000280      0x378 C:/ST/STM32CubeIDE_1.2.0/STM32CubeIDE/plugins/com.st.stm32cube.ide.mcu.externaltools.gnu-tools-for-stm32.11.3.rel1.win32_1.1.0.202305231506/tools/bin/../lib/gcc/arm-none-eabi/11.3.1/thumb/v7e-m+fp/hard\libgcc.a(_arm_addsubdf3.o)
                0x0000000008000280                __aeabi_drsub
                0x0000000008000288                __aeabi_dsub
                0x0000000008000288                __subdf3
                0x000000000800028c                __aeabi_dadd
                0x000000000800028c                __adddf3
                0x0000000008000504                __floatunsidf
                0x0000000008000504                __aeabi_ui2d
                0x0000000008000524                __floatsidf
                0x0000000008000524                __aeabi_i2d
                0x0000000008000548                __aeabi_f2d
                0x0000000008000548                __extendsfdf2
                0x000000000800058c                __floatundidf
                0x000000000800058c                __aeabi_ul2d
                0x000000000800059c                __floatdidf
                0x000000000800059c                __aeabi_l2d
 .text          0x00000000080005f8      0x424 C:/ST/STM32CubeIDE_1.2.0/STM32CubeIDE/plugins/com.st.stm32cube.ide.mcu.externaltools.gnu-tools-for-stm32.11.3.rel1.win32_1.1.0.202305231506/tools/bin/../lib/gcc/arm-none-eabi/11.3.1/thumb/v7e-m+fp/hard\libgcc.a(_arm_muldivdf3.o)
                0x00000000080005f8                __aeabi_dmul
                0x00000000080005f8                __muldf3
                0x000000000800084c                __divdf3
                0x000000000800084c                __aeabi_ddiv
 .text          0x0000000008000a1c      0x110 C:/ST/STM32CubeIDE_1.2.0/STM32CubeIDE/plugins/com.st.stm32cube.ide.mcu.externaltools.gnu-tools-for-stm32.11.3.rel1.win32_1.1.0.202305231506/tools/bin/../lib/gcc/arm-none-eabi/11.3.1/thumb/v7e-m+fp/hard\libgcc.a(_arm_cmpdf2.o)
                0x0000000008000a1c                __gtdf2
                0x0000000008000a1c                __gedf2
                0x0000000008000a24                __ltdf2
                0x0000000008000a24                __ledf2
                0x0000000008000a2c                __nedf2
                0x0000000008000a2c                __eqdf2
                0x0000000008000a2c                __cmpdf2
                0x0000000008000aa8                __aeabi_cdrcmple
                0x0000000008000ab8                __aeabi_cdcmpeq
                0x0000000008000ab8                __aeabi_cdcmple
                0x0000000008000ac8                __aeabi_dcmpeq
                0x0000000008000adc                __aeabi_dcmplt
                0x0000000008000af0                __aeabi_dcmple
                0x0000000008000b04                __aeabi_dcmpge
                0x0000000008000b18                __aeabi_dcmpgt
 .text          0x0000000008000b2c       0x2c C:/ST/STM32CubeIDE_1.2.0/STM32CubeIDE/plugins/com.st.stm32cube.ide.mcu.externaltools.gnu-tools-for-stm32.11.3.rel1.win32_1.1.0.202305231506/tools/bin/../lib/gcc/arm-none-eabi/11.3.1/thumb/v7e-m+fp/hard\libgcc.a(_arm_unorddf2.o)
                0x0000000008000b2c                __unorddf2
                0x0000000008000b2c                __aeabi_dcmpun
 .text          0x0000000008000b58       0x50 C:/ST/STM32CubeIDE_1.2.0/STM32CubeIDE/plugins/com.st.stm32cube.ide.mcu.externaltools.gnu-tools-for-stm32.11.3.rel1.win32_1.1.0.202305231506/tools/bin/../lib/gcc/arm-none-eabi/11.3.1/thumb/v7e-m+fp/hard\libgcc.a(_arm_fixdfsi.o)
                0x0000000008000b58                __aeabi_d2iz
                0x0000000008000b58                __fixdfsi
 .text          0x0000000008000ba8       0x30 C:/ST/STM32CubeIDE_1.2.0/STM32CubeIDE/plugins/com.st.stm32cube.ide.mcu.externaltools.gnu-tools-for-stm32.11.3.rel1.win32_1.1.0.202305231506/tools/bin/../lib/gcc/arm-none-eabi/11.3.1/thumb/v7e-m+fp/hard\libgcc.a(_aeabi_uldivmod.o)
                0x0000000008000ba8                __aeabi_uldivmod
 .text          0x0000000008000bd8      0x2c8 C:/ST/STM32CubeIDE_1.2.0/STM32CubeIDE/plugins/com.st.stm32cube.ide.mcu.externaltools.gnu-tools-for-stm32.11.3.rel1.win32_1.1.0.202305231506/tools/bin/../lib/gcc/arm-none-eabi/11.3.1/thumb/v7e-m+fp/hard\libgcc.a(_udivmoddi4.o)
                0x0000000008000bd8                __udivmoddi4
 .text          0x0000000008000ea0        0x4 C:/ST/STM32CubeIDE_1.2.0/STM32CubeIDE/plugins/com.st.stm32cube.ide.mcu.externaltools.gnu-tools-for-stm32.11.3.rel1.win32_1.1.0.202305231506/tools/bin/../lib/gcc/arm-none-eabi/11.3.1/thumb/v7e-m+fp/hard\libgcc.a(_dvmd_tls.o)
                0x0000000008000ea0                __aeabi_idiv0
                0x0000000008000ea0                __aeabi_ldiv0
 *(.text*)
 .text.__NVIC_SystemReset
                0x0000000008000ea4       0x2c ./Core/Src/RC_RX.o
 .text._ZN3bfs6SbusTxC2EP20__UART_HandleTypeDef
                0x0000000008000ed0       0x3e ./Core/Src/RC_RX.o
                0x0000000008000ed0                bfs::SbusTx::SbusTx(__UART_HandleTypeDef*)
                0x0000000008000ed0                bfs::SbusTx::SbusTx(__UART_HandleTypeDef*)
 .text._ZN3bfs6SbusTx8failsafeEb
                0x0000000008000f0e       0x20 ./Core/Src/RC_RX.o
                0x0000000008000f0e                bfs::SbusTx::failsafe(bool)
 .text._ZN3bfs6SbusTx10lost_frameEb
                0x0000000008000f2e       0x20 ./Core/Src/RC_RX.o
                0x0000000008000f2e                bfs::SbusTx::lost_frame(bool)
 .text._ZN3bfs6SbusTx6set_chEhs
                0x0000000008000f4e       0x2c ./Core/Src/RC_RX.o
                0x0000000008000f4e                bfs::SbusTx::set_ch(unsigned char, short)
 *fill*         0x0000000008000f7a        0x2 
 .text._Z10nRF24_CE_Lv
                0x0000000008000f7c       0x20 ./Core/Src/RC_RX.o
                0x0000000008000f7c                nRF24_CE_L()
 .text._Z10nRF24_CE_Hv
                0x0000000008000f9c       0x20 ./Core/Src/RC_RX.o
                0x0000000008000f9c                nRF24_CE_H()
 .text._ZnwjPv  0x0000000008000fbc       0x18 ./Core/Src/RC_RX.o
                0x0000000008000fbc                operator new(unsigned int, void*)
 .text._ZSt16__deque_buf_sizej
                0x0000000008000fd4       0x2a ./Core/Src/RC_RX.o
                0x0000000008000fd4                std::__deque_buf_size(unsigned int)
 *fill*         0x0000000008000ffe        0x2 
 .text._Z12setStatusLedhhh
                0x0000000008001000       0x60 ./Core/Src/RC_RX.o
                0x0000000008001000                setStatusLed(unsigned char, unsigned char, unsigned char)
 .text._Z14common_nRFInitv
                0x0000000008001060       0x9c ./Core/Src/RC_RX.o
                0x0000000008001060                common_nRFInit()
 .text._Z13UART_SendCharc
                0x00000000080010fc       0x24 ./Core/Src/RC_RX.o
                0x00000000080010fc                UART_SendChar(char)
 .text._Z12UART_SendStrPc
                0x0000000008001120       0x28 ./Core/Src/RC_RX.o
                0x0000000008001120                UART_SendStr(char*)
 .text._Z9setOutputht
                0x0000000008001148      0x264 ./Core/Src/RC_RX.o
                0x0000000008001148                setOutput(unsigned char, unsigned short)
 .text._Z13parseRFPacketPhh14nRF24_RXResult
                0x00000000080013ac      0x7f8 ./Core/Src/RC_RX.o
                0x00000000080013ac                parseRFPacket(unsigned char*, unsigned char, nRF24_RXResult)
 .text._Z12calculateCRCPhh
                0x0000000008001ba4       0x70 ./Core/Src/RC_RX.o
                0x0000000008001ba4                calculateCRC(unsigned char*, unsigned char)
 .text._Z15sendChannelDatav
                0x0000000008001c14       0xd4 ./Core/Src/RC_RX.o
                0x0000000008001c14                sendChannelData()
 .text.customUartDataTransmitted
                0x0000000008001ce8       0x14 ./Core/Src/RC_RX.o
                0x0000000008001ce8                customUartDataTransmitted
 .text.customUartReceived
                0x0000000008001cfc       0xd8 ./Core/Src/RC_RX.o
                0x0000000008001cfc                customUartReceived
 .text._Z15customUartErrorP20__UART_HandleTypeDef
                0x0000000008001dd4       0x4c ./Core/Src/RC_RX.o
                0x0000000008001dd4                customUartError(__UART_HandleTypeDef*)
 .text._Z10setDefaulth
                0x0000000008001e20       0x6c ./Core/Src/RC_RX.o
                0x0000000008001e20                setDefault(unsigned char)
 .text._Z25setupChannelOutputConfigthP17TIM_HandleTypeDefh
                0x0000000008001e8c       0x34 ./Core/Src/RC_RX.o
                0x0000000008001e8c                setupChannelOutputConfigt(unsigned char, TIM_HandleTypeDef*, unsigned char)
 .text._Z26setupChannelOutputConfigtmhP17TIM_HandleTypeDefhPVmP12GPIO_TypeDefm
                0x0000000008001ec0       0x36 ./Core/Src/RC_RX.o
                0x0000000008001ec0                setupChannelOutputConfigtm(unsigned char, TIM_HandleTypeDef*, unsigned char, unsigned long volatile*, GPIO_TypeDef*, unsigned long)
 *fill*         0x0000000008001ef6        0x2 
 .text._Z26setupChannelOutputConfigtthP17TIM_HandleTypeDefhPVmS0_hP12GPIO_TypeDefm
                0x0000000008001ef8      0x1a0 ./Core/Src/RC_RX.o
                0x0000000008001ef8                setupChannelOutputConfigtt(unsigned char, TIM_HandleTypeDef*, unsigned char, unsigned long volatile*, TIM_HandleTypeDef*, unsigned char, GPIO_TypeDef*, unsigned long)
 .text._Z17configureChannelsv
                0x0000000008002098      0x1cc ./Core/Src/RC_RX.o
                0x0000000008002098                configureChannels()
 .text.setup    0x0000000008002264      0x224 ./Core/Src/RC_RX.o
                0x0000000008002264                setup
 .text.loop     0x0000000008002488      0x36c ./Core/Src/RC_RX.o
                0x0000000008002488                loop
 .text.HAL_GPIO_EXTI_Callback
                0x00000000080027f4       0xb8 ./Core/Src/RC_RX.o
                0x00000000080027f4                HAL_GPIO_EXTI_Callback
 .text.UART1Error
                0x00000000080028ac       0x1a ./Core/Src/RC_RX.o
                0x00000000080028ac                UART1Error
 *fill*         0x00000000080028c6        0x2 
 .text.UART1TXDone
                0x00000000080028c8       0x78 ./Core/Src/RC_RX.o
                0x00000000080028c8                UART1TXDone
 .text.SerialPrint
                0x0000000008002940       0x6c ./Core/Src/RC_RX.o
                0x0000000008002940                SerialPrint
 .text.Error_Handler_CPP
                0x00000000080029ac       0x70 ./Core/Src/RC_RX.o
                0x00000000080029ac                Error_Handler_CPP
 .text._ZNSt5dequeIPcSaIS0_EEC2Ev
                0x0000000008002a1c       0x1a ./Core/Src/RC_RX.o
                0x0000000008002a1c                std::deque<char*, std::allocator<char*> >::deque()
                0x0000000008002a1c                std::deque<char*, std::allocator<char*> >::deque()
 .text._ZNSt5queueIPcSt5dequeIS0_SaIS0_EEEC2IS3_vEEv
                0x0000000008002a36       0x28 ./Core/Src/RC_RX.o
                0x0000000008002a36                std::queue<char*, std::deque<char*, std::allocator<char*> > >::queue<std::deque<char*, std::allocator<char*> >, void>()
                0x0000000008002a36                std::queue<char*, std::deque<char*, std::allocator<char*> > >::queue<std::deque<char*, std::allocator<char*> >, void>()
 .text._ZNKSt5queueIPcSt5dequeIS0_SaIS0_EEE5emptyEv
                0x0000000008002a5e       0x1a ./Core/Src/RC_RX.o
                0x0000000008002a5e                std::queue<char*, std::deque<char*, std::allocator<char*> > >::empty() const
 .text._ZNSt5queueIPcSt5dequeIS0_SaIS0_EEE5frontEv
                0x0000000008002a78       0x1a ./Core/Src/RC_RX.o
                0x0000000008002a78                std::queue<char*, std::deque<char*, std::allocator<char*> > >::front()
 .text._ZNSt5queueIPcSt5dequeIS0_SaIS0_EEE3popEv
                0x0000000008002a92       0x18 ./Core/Src/RC_RX.o
                0x0000000008002a92                std::queue<char*, std::deque<char*, std::allocator<char*> > >::pop()
 .text._ZNSt5queueIPcSt5dequeIS0_SaIS0_EEE4pushERKS0_
                0x0000000008002aaa       0x1c ./Core/Src/RC_RX.o
                0x0000000008002aaa                std::queue<char*, std::deque<char*, std::allocator<char*> > >::push(char* const&)
 .text._ZNSt11_Deque_baseIPcSaIS0_EE11_Deque_implD2Ev
                0x0000000008002ac6       0x18 ./Core/Src/RC_RX.o
                0x0000000008002ac6                std::_Deque_base<char*, std::allocator<char*> >::_Deque_impl::~_Deque_impl()
                0x0000000008002ac6                std::_Deque_base<char*, std::allocator<char*> >::_Deque_impl::~_Deque_impl()
 .text._ZNSt11_Deque_baseIPcSaIS0_EEC2Ev
                0x0000000008002ade       0x22 ./Core/Src/RC_RX.o
                0x0000000008002ade                std::_Deque_base<char*, std::allocator<char*> >::_Deque_base()
                0x0000000008002ade                std::_Deque_base<char*, std::allocator<char*> >::_Deque_base()
 .text._ZNSt11_Deque_baseIPcSaIS0_EED2Ev
                0x0000000008002b00       0x44 ./Core/Src/RC_RX.o
                0x0000000008002b00                std::_Deque_base<char*, std::allocator<char*> >::~_Deque_base()
                0x0000000008002b00                std::_Deque_base<char*, std::allocator<char*> >::~_Deque_base()
 .text._ZNSt5dequeIPcSaIS0_EED2Ev
                0x0000000008002b44       0x4a ./Core/Src/RC_RX.o
                0x0000000008002b44                std::deque<char*, std::allocator<char*> >::~deque()
                0x0000000008002b44                std::deque<char*, std::allocator<char*> >::~deque()
 .text._ZNKSt5dequeIPcSaIS0_EE5emptyEv
                0x0000000008002b8e       0x24 ./Core/Src/RC_RX.o
                0x0000000008002b8e                std::deque<char*, std::allocator<char*> >::empty() const
 .text._ZNSt5dequeIPcSaIS0_EE5frontEv
                0x0000000008002bb2       0x28 ./Core/Src/RC_RX.o
                0x0000000008002bb2                std::deque<char*, std::allocator<char*> >::front()
 .text._ZNSt5dequeIPcSaIS0_EE9pop_frontEv
                0x0000000008002bda       0x46 ./Core/Src/RC_RX.o
                0x0000000008002bda                std::deque<char*, std::allocator<char*> >::pop_front()
 .text._ZNSt5dequeIPcSaIS0_EE9push_backERKS0_
                0x0000000008002c20       0x42 ./Core/Src/RC_RX.o
                0x0000000008002c20                std::deque<char*, std::allocator<char*> >::push_back(char* const&)
 .text._ZNSt11_Deque_baseIPcSaIS0_EE11_Deque_implC2Ev
                0x0000000008002c62       0x20 ./Core/Src/RC_RX.o
                0x0000000008002c62                std::_Deque_base<char*, std::allocator<char*> >::_Deque_impl::_Deque_impl()
                0x0000000008002c62                std::_Deque_base<char*, std::allocator<char*> >::_Deque_impl::_Deque_impl()
 .text._ZNSaIPcED2Ev
                0x0000000008002c82       0x18 ./Core/Src/RC_RX.o
                0x0000000008002c82                std::allocator<char*>::~allocator()
                0x0000000008002c82                std::allocator<char*>::~allocator()
 .text._ZNSt11_Deque_baseIPcSaIS0_EE17_M_initialize_mapEj
                0x0000000008002c9a       0xc6 ./Core/Src/RC_RX.o
                0x0000000008002c9a                std::_Deque_base<char*, std::allocator<char*> >::_M_initialize_map(unsigned int)
 .text._ZNSt11_Deque_baseIPcSaIS0_EE16_M_destroy_nodesEPPS0_S4_
                0x0000000008002d60       0x36 ./Core/Src/RC_RX.o
                0x0000000008002d60                std::_Deque_base<char*, std::allocator<char*> >::_M_destroy_nodes(char***, char***)
 .text._ZNSt11_Deque_baseIPcSaIS0_EE17_M_deallocate_mapEPPS0_j
                0x0000000008002d96       0x36 ./Core/Src/RC_RX.o
                0x0000000008002d96                std::_Deque_base<char*, std::allocator<char*> >::_M_deallocate_map(char***, unsigned int)
 .text._ZNSt5dequeIPcSaIS0_EE5beginEv
                0x0000000008002dcc       0x1e ./Core/Src/RC_RX.o
                0x0000000008002dcc                std::deque<char*, std::allocator<char*> >::begin()
 .text._ZNSt5dequeIPcSaIS0_EE3endEv
                0x0000000008002dea       0x1e ./Core/Src/RC_RX.o
                0x0000000008002dea                std::deque<char*, std::allocator<char*> >::end()
 .text._ZNSt11_Deque_baseIPcSaIS0_EE19_M_get_Tp_allocatorEv
                0x0000000008002e08       0x16 ./Core/Src/RC_RX.o
                0x0000000008002e08                std::_Deque_base<char*, std::allocator<char*> >::_M_get_Tp_allocator()
 .text._ZNSt15_Deque_iteratorIPcRS0_PS0_EC2ERKS3_
                0x0000000008002e1e       0x38 ./Core/Src/RC_RX.o
                0x0000000008002e1e                std::_Deque_iterator<char*, char*&, char**>::_Deque_iterator(std::_Deque_iterator<char*, char*&, char**> const&)
                0x0000000008002e1e                std::_Deque_iterator<char*, char*&, char**>::_Deque_iterator(std::_Deque_iterator<char*, char*&, char**> const&)
 .text._ZNSt5dequeIPcSaIS0_EE15_M_destroy_dataESt15_Deque_iteratorIS0_RS0_PS0_ES6_RKS1_
                0x0000000008002e56       0x1a ./Core/Src/RC_RX.o
                0x0000000008002e56                std::deque<char*, std::allocator<char*> >::_M_destroy_data(std::_Deque_iterator<char*, char*&, char**>, std::_Deque_iterator<char*, char*&, char**>, std::allocator<char*> const&)
 .text._ZSteqRKSt15_Deque_iteratorIPcRS0_PS0_ES5_
                0x0000000008002e70       0x28 ./Core/Src/RC_RX.o
                0x0000000008002e70                std::operator==(std::_Deque_iterator<char*, char*&, char**> const&, std::_Deque_iterator<char*, char*&, char**> const&)
 .text._ZNKSt15_Deque_iteratorIPcRS0_PS0_EdeEv
                0x0000000008002e98       0x18 ./Core/Src/RC_RX.o
                0x0000000008002e98                std::_Deque_iterator<char*, char*&, char**>::operator*() const
 .text._ZNSt16allocator_traitsISaIPcEE7destroyIS0_EEvRS1_PT_
                0x0000000008002eb0       0x1a ./Core/Src/RC_RX.o
                0x0000000008002eb0                void std::allocator_traits<std::allocator<char*> >::destroy<char*>(std::allocator<char*>&, char**)
 .text._ZNSt5dequeIPcSaIS0_EE16_M_pop_front_auxEv
                0x0000000008002eca       0x50 ./Core/Src/RC_RX.o
                0x0000000008002eca                std::deque<char*, std::allocator<char*> >::_M_pop_front_aux()
 .text._ZNSt16allocator_traitsISaIPcEE9constructIS0_JRKS0_EEEvRS1_PT_DpOT0_
                0x0000000008002f1a       0x26 ./Core/Src/RC_RX.o
                0x0000000008002f1a                void std::allocator_traits<std::allocator<char*> >::construct<char*, char* const&>(std::allocator<char*>&, char**, char* const&)
 .text._ZNSt5dequeIPcSaIS0_EE16_M_push_back_auxIJRKS0_EEEvDpOT_
                0x0000000008002f40       0x88 ./Core/Src/RC_RX.o
                0x0000000008002f40                void std::deque<char*, std::allocator<char*> >::_M_push_back_aux<char* const&>(char* const&)
 .text._ZNSaIPcEC2Ev
                0x0000000008002fc8       0x18 ./Core/Src/RC_RX.o
                0x0000000008002fc8                std::allocator<char*>::allocator()
                0x0000000008002fc8                std::allocator<char*>::allocator()
 .text._ZNSt11_Deque_baseIPcSaIS0_EE16_Deque_impl_dataC2Ev
                0x0000000008002fe0       0x32 ./Core/Src/RC_RX.o
                0x0000000008002fe0                std::_Deque_base<char*, std::allocator<char*> >::_Deque_impl_data::_Deque_impl_data()
                0x0000000008002fe0                std::_Deque_base<char*, std::allocator<char*> >::_Deque_impl_data::_Deque_impl_data()
 .text._ZN9__gnu_cxx13new_allocatorIPcED2Ev
                0x0000000008003012       0x16 ./Core/Src/RC_RX.o
                0x0000000008003012                __gnu_cxx::new_allocator<char*>::~new_allocator()
                0x0000000008003012                __gnu_cxx::new_allocator<char*>::~new_allocator()
 .text._ZSt3maxIjERKT_S2_S2_
                0x0000000008003028       0x28 ./Core/Src/RC_RX.o
                0x0000000008003028                unsigned int const& std::max<unsigned int>(unsigned int const&, unsigned int const&)
 .text._ZNSt11_Deque_baseIPcSaIS0_EE15_M_allocate_mapEj
                0x0000000008003050       0x3a ./Core/Src/RC_RX.o
                0x0000000008003050                std::_Deque_base<char*, std::allocator<char*> >::_M_allocate_map(unsigned int)
 .text._ZNSt11_Deque_baseIPcSaIS0_EE15_M_create_nodesEPPS0_S4_
                0x000000000800308a       0x36 ./Core/Src/RC_RX.o
                0x000000000800308a                std::_Deque_base<char*, std::allocator<char*> >::_M_create_nodes(char***, char***)
 .text._ZNSt15_Deque_iteratorIPcRS0_PS0_E11_M_set_nodeEPS2_
                0x00000000080030c0       0x32 ./Core/Src/RC_RX.o
                0x00000000080030c0                std::_Deque_iterator<char*, char*&, char**>::_M_set_node(char***)
 .text._ZNSt11_Deque_baseIPcSaIS0_EE18_M_deallocate_nodeEPS0_
                0x00000000080030f2       0x26 ./Core/Src/RC_RX.o
                0x00000000080030f2                std::_Deque_base<char*, std::allocator<char*> >::_M_deallocate_node(char**)
 .text._ZNKSt11_Deque_baseIPcSaIS0_EE20_M_get_map_allocatorEv
                0x0000000008003118       0x22 ./Core/Src/RC_RX.o
                0x0000000008003118                std::_Deque_base<char*, std::allocator<char*> >::_M_get_map_allocator() const
 .text._ZNSaIPPcED2Ev
                0x000000000800313a       0x18 ./Core/Src/RC_RX.o
                0x000000000800313a                std::allocator<char**>::~allocator()
                0x000000000800313a                std::allocator<char**>::~allocator()
 .text._ZNSt16allocator_traitsISaIPPcEE10deallocateERS2_PS1_j
                0x0000000008003152       0x1e ./Core/Src/RC_RX.o
                0x0000000008003152                std::allocator_traits<std::allocator<char**> >::deallocate(std::allocator<char**>&, char***, unsigned int)
 .text._ZN9__gnu_cxx13new_allocatorIPcE7destroyIS1_EEvPT_
                0x0000000008003170       0x16 ./Core/Src/RC_RX.o
                0x0000000008003170                void __gnu_cxx::new_allocator<char*>::destroy<char*>(char**)
 .text._ZSt7forwardIRKPcEOT_RNSt16remove_referenceIS3_E4typeE
                0x0000000008003186       0x16 ./Core/Src/RC_RX.o
                0x0000000008003186                char* const& std::forward<char* const&>(std::remove_reference<char* const&>::type&)
 .text._ZN9__gnu_cxx13new_allocatorIPcE9constructIS1_JRKS1_EEEvPT_DpOT0_
                0x000000000800319c       0x2c ./Core/Src/RC_RX.o
                0x000000000800319c                void __gnu_cxx::new_allocator<char*>::construct<char*, char* const&>(char**, char* const&)
 .text._ZNKSt5dequeIPcSaIS0_EE4sizeEv
                0x00000000080031c8       0x24 ./Core/Src/RC_RX.o
                0x00000000080031c8                std::deque<char*, std::allocator<char*> >::size() const
 .text._ZNKSt5dequeIPcSaIS0_EE8max_sizeEv
                0x00000000080031ec       0x22 ./Core/Src/RC_RX.o
                0x00000000080031ec                std::deque<char*, std::allocator<char*> >::max_size() const
 .text._ZNSt5dequeIPcSaIS0_EE22_M_reserve_map_at_backEj
                0x000000000800320e       0x36 ./Core/Src/RC_RX.o
                0x000000000800320e                std::deque<char*, std::allocator<char*> >::_M_reserve_map_at_back(unsigned int)
 .text._ZNSt11_Deque_baseIPcSaIS0_EE16_M_allocate_nodeEv
                0x0000000008003244       0x24 ./Core/Src/RC_RX.o
                0x0000000008003244                std::_Deque_base<char*, std::allocator<char*> >::_M_allocate_node()
 .text._ZN9__gnu_cxx13new_allocatorIPcEC2Ev
                0x0000000008003268       0x16 ./Core/Src/RC_RX.o
                0x0000000008003268                __gnu_cxx::new_allocator<char*>::new_allocator()
                0x0000000008003268                __gnu_cxx::new_allocator<char*>::new_allocator()
 .text._ZNSt15_Deque_iteratorIPcRS0_PS0_EC2Ev
                0x000000000800327e       0x2e ./Core/Src/RC_RX.o
                0x000000000800327e                std::_Deque_iterator<char*, char*&, char**>::_Deque_iterator()
                0x000000000800327e                std::_Deque_iterator<char*, char*&, char**>::_Deque_iterator()
 .text._ZNSt16allocator_traitsISaIPPcEE8allocateERS2_j
                0x00000000080032ac       0x1e ./Core/Src/RC_RX.o
                0x00000000080032ac                std::allocator_traits<std::allocator<char**> >::allocate(std::allocator<char**>&, unsigned int)
 .text._ZNSt15_Deque_iteratorIPcRS0_PS0_E14_S_buffer_sizeEv
                0x00000000080032ca       0x10 ./Core/Src/RC_RX.o
                0x00000000080032ca                std::_Deque_iterator<char*, char*&, char**>::_S_buffer_size()
 .text._ZNSt16allocator_traitsISaIPcEE10deallocateERS1_PS0_j
                0x00000000080032da       0x1e ./Core/Src/RC_RX.o
                0x00000000080032da                std::allocator_traits<std::allocator<char*> >::deallocate(std::allocator<char*>&, char**, unsigned int)
 .text._ZNKSt11_Deque_baseIPcSaIS0_EE19_M_get_Tp_allocatorEv
                0x00000000080032f8       0x16 ./Core/Src/RC_RX.o
                0x00000000080032f8                std::_Deque_base<char*, std::allocator<char*> >::_M_get_Tp_allocator() const
 .text._ZNSaIPPcEC2IS_EERKSaIT_E
                0x000000000800330e       0x1a ./Core/Src/RC_RX.o
                0x000000000800330e                std::allocator<char**>::allocator<char*>(std::allocator<char*> const&)
                0x000000000800330e                std::allocator<char**>::allocator<char*>(std::allocator<char*> const&)
 .text._ZN9__gnu_cxx13new_allocatorIPPcED2Ev
                0x0000000008003328       0x16 ./Core/Src/RC_RX.o
                0x0000000008003328                __gnu_cxx::new_allocator<char**>::~new_allocator()
                0x0000000008003328                __gnu_cxx::new_allocator<char**>::~new_allocator()
 .text._ZN9__gnu_cxx13new_allocatorIPPcE10deallocateEPS2_j
                0x000000000800333e       0x20 ./Core/Src/RC_RX.o
                0x000000000800333e                __gnu_cxx::new_allocator<char**>::deallocate(char***, unsigned int)
 .text._ZStmiRKSt15_Deque_iteratorIPcRS0_PS0_ES5_
                0x000000000800335e       0x58 ./Core/Src/RC_RX.o
                0x000000000800335e                std::operator-(std::_Deque_iterator<char*, char*&, char**> const&, std::_Deque_iterator<char*, char*&, char**> const&)
 .text._ZNSt5dequeIPcSaIS0_EE11_S_max_sizeERKS1_
                0x00000000080033b6       0x34 ./Core/Src/RC_RX.o
                0x00000000080033b6                std::deque<char*, std::allocator<char*> >::_S_max_size(std::allocator<char*> const&)
 .text._ZNSt5dequeIPcSaIS0_EE17_M_reallocate_mapEjb
                0x00000000080033ea      0x134 ./Core/Src/RC_RX.o
                0x00000000080033ea                std::deque<char*, std::allocator<char*> >::_M_reallocate_map(unsigned int, bool)
 .text._ZNSt16allocator_traitsISaIPcEE8allocateERS1_j
                0x000000000800351e       0x1e ./Core/Src/RC_RX.o
                0x000000000800351e                std::allocator_traits<std::allocator<char*> >::allocate(std::allocator<char*>&, unsigned int)
 .text._ZNK9__gnu_cxx13new_allocatorIPPcE11_M_max_sizeEv
                0x000000000800353c       0x18 ./Core/Src/RC_RX.o
                0x000000000800353c                __gnu_cxx::new_allocator<char**>::_M_max_size() const
 .text._ZN9__gnu_cxx13new_allocatorIPPcE8allocateEjPKv
                0x0000000008003554       0x52 ./Core/Src/RC_RX.o
                0x0000000008003554                __gnu_cxx::new_allocator<char**>::allocate(unsigned int, void const*)
 .text._ZN9__gnu_cxx13new_allocatorIPcE10deallocateEPS1_j
                0x00000000080035a6       0x20 ./Core/Src/RC_RX.o
                0x00000000080035a6                __gnu_cxx::new_allocator<char*>::deallocate(char**, unsigned int)
 .text._ZN9__gnu_cxx13new_allocatorIPPcEC2Ev
                0x00000000080035c6       0x16 ./Core/Src/RC_RX.o
                0x00000000080035c6                __gnu_cxx::new_allocator<char**>::new_allocator()
                0x00000000080035c6                __gnu_cxx::new_allocator<char**>::new_allocator()
 .text._ZNSt16allocator_traitsISaIPcEE8max_sizeERKS1_
                0x00000000080035dc       0x18 ./Core/Src/RC_RX.o
                0x00000000080035dc                std::allocator_traits<std::allocator<char*> >::max_size(std::allocator<char*> const&)
 .text._ZSt3minIjERKT_S2_S2_
                0x00000000080035f4       0x28 ./Core/Src/RC_RX.o
                0x00000000080035f4                unsigned int const& std::min<unsigned int>(unsigned int const&, unsigned int const&)
 .text._ZSt4copyIPPPcS2_ET0_T_S4_S3_
                0x000000000800361c       0x30 ./Core/Src/RC_RX.o
                0x000000000800361c                char*** std::copy<char***, char***>(char***, char***, char***)
 .text._ZSt13copy_backwardIPPPcS2_ET0_T_S4_S3_
                0x000000000800364c       0x30 ./Core/Src/RC_RX.o
                0x000000000800364c                char*** std::copy_backward<char***, char***>(char***, char***, char***)
 .text._ZNK9__gnu_cxx13new_allocatorIPcE11_M_max_sizeEv
                0x000000000800367c       0x18 ./Core/Src/RC_RX.o
                0x000000000800367c                __gnu_cxx::new_allocator<char*>::_M_max_size() const
 .text._ZN9__gnu_cxx13new_allocatorIPcE8allocateEjPKv
                0x0000000008003694       0x52 ./Core/Src/RC_RX.o
                0x0000000008003694                __gnu_cxx::new_allocator<char*>::allocate(unsigned int, void const*)
 .text._ZNK9__gnu_cxx13new_allocatorIPcE8max_sizeEv
                0x00000000080036e6       0x18 ./Core/Src/RC_RX.o
                0x00000000080036e6                __gnu_cxx::new_allocator<char*>::max_size() const
 .text._ZSt12__miter_baseIPPPcET_S3_
                0x00000000080036fe       0x16 ./Core/Src/RC_RX.o
                0x00000000080036fe                char*** std::__miter_base<char***>(char***)
 .text._ZSt13__copy_move_aILb0EPPPcS2_ET1_T0_S4_S3_
                0x0000000008003714       0x46 ./Core/Src/RC_RX.o
                0x0000000008003714                char*** std::__copy_move_a<false, char***, char***>(char***, char***, char***)
 .text._ZSt22__copy_move_backward_aILb0EPPPcS2_ET1_T0_S4_S3_
                0x000000000800375a       0x46 ./Core/Src/RC_RX.o
                0x000000000800375a                char*** std::__copy_move_backward_a<false, char***, char***>(char***, char***, char***)
 .text._ZSt12__niter_baseIPPPcET_S3_
                0x00000000080037a0       0x16 ./Core/Src/RC_RX.o
                0x00000000080037a0                char*** std::__niter_base<char***>(char***)
 .text._ZSt14__copy_move_a1ILb0EPPPcS2_ET1_T0_S4_S3_
                0x00000000080037b6       0x20 ./Core/Src/RC_RX.o
                0x00000000080037b6                char*** std::__copy_move_a1<false, char***, char***>(char***, char***, char***)
 .text._ZSt12__niter_wrapIPPPcET_RKS3_S3_
                0x00000000080037d6       0x18 ./Core/Src/RC_RX.o
                0x00000000080037d6                char*** std::__niter_wrap<char***>(char*** const&, char***)
 .text._ZSt23__copy_move_backward_a1ILb0EPPPcS2_ET1_T0_S4_S3_
                0x00000000080037ee       0x20 ./Core/Src/RC_RX.o
                0x00000000080037ee                char*** std::__copy_move_backward_a1<false, char***, char***>(char***, char***, char***)
 .text._ZSt14__copy_move_a2ILb0EPPPcS2_ET1_T0_S4_S3_
                0x000000000800380e       0x20 ./Core/Src/RC_RX.o
                0x000000000800380e                char*** std::__copy_move_a2<false, char***, char***>(char***, char***, char***)
 .text._ZSt23__copy_move_backward_a2ILb0EPPPcS2_ET1_T0_S4_S3_
                0x000000000800382e       0x20 ./Core/Src/RC_RX.o
                0x000000000800382e                char*** std::__copy_move_backward_a2<false, char***, char***>(char***, char***, char***)
 .text._ZNSt11__copy_moveILb0ELb1ESt26random_access_iterator_tagE8__copy_mIPPcEEPT_PKS5_S8_S6_
                0x000000000800384e       0x3a ./Core/Src/RC_RX.o
                0x000000000800384e                char*** std::__copy_move<false, true, std::random_access_iterator_tag>::__copy_m<char**>(char** const*, char** const*, char***)
 .text._ZNSt20__copy_move_backwardILb0ELb1ESt26random_access_iterator_tagE13__copy_move_bIPPcEEPT_PKS5_S8_S6_
                0x0000000008003888       0x44 ./Core/Src/RC_RX.o
                0x0000000008003888                char*** std::__copy_move_backward<false, true, std::random_access_iterator_tag>::__copy_move_b<char**>(char** const*, char** const*, char***)
 .text._ZNSt5queueIPcSt5dequeIS0_SaIS0_EEED2Ev
                0x00000000080038cc       0x1a ./Core/Src/RC_RX.o
                0x00000000080038cc                std::queue<char*, std::deque<char*, std::allocator<char*> > >::~queue()
                0x00000000080038cc                std::queue<char*, std::deque<char*, std::allocator<char*> > >::~queue()
 *fill*         0x00000000080038e6        0x2 
 .text._Z41__static_initialization_and_destruction_0ii
                0x00000000080038e8       0x90 ./Core/Src/RC_RX.o
 .text._GLOBAL__sub_I_nRF_hspi
                0x0000000008003978       0x10 ./Core/Src/RC_RX.o
 .text._GLOBAL__sub_D_nRF_hspi
                0x0000000008003988       0x10 ./Core/Src/RC_RX.o
 .text.MX_CRC_Init
                0x0000000008003998       0x30 ./Core/Src/crc.o
                0x0000000008003998                MX_CRC_Init
 .text.HAL_CRC_MspInit
                0x00000000080039c8       0x44 ./Core/Src/crc.o
                0x00000000080039c8                HAL_CRC_MspInit
 .text.MX_DAC_Init
                0x0000000008003a0c       0x78 ./Core/Src/dac.o
                0x0000000008003a0c                MX_DAC_Init
 .text.HAL_DAC_MspInit
                0x0000000008003a84       0x98 ./Core/Src/dac.o
                0x0000000008003a84                HAL_DAC_MspInit
 .text.MX_GPIO_Init
                0x0000000008003b1c      0x1f8 ./Core/Src/gpio.o
                0x0000000008003b1c                MX_GPIO_Init
 .text.MX_I2C1_Init
                0x0000000008003d14       0x64 ./Core/Src/i2c.o
                0x0000000008003d14                MX_I2C1_Init
 .text.HAL_I2C_MspInit
                0x0000000008003d78       0x90 ./Core/Src/i2c.o
                0x0000000008003d78                HAL_I2C_MspInit
 .text._read    0x0000000008003e08       0x38 ./Core/Src/main.o
                0x0000000008003e08                _read
 .text._write   0x0000000008003e40       0x1e ./Core/Src/main.o
                0x0000000008003e40                _write
 .text.main     0x0000000008003e5e       0x66 ./Core/Src/main.o
                0x0000000008003e5e                main
 .text.SystemClock_Config
                0x0000000008003ec4       0xe0 ./Core/Src/main.o
                0x0000000008003ec4                SystemClock_Config
 .text._Error_Handler
                0x0000000008003fa4       0x1a ./Core/Src/main.o
                0x0000000008003fa4                _Error_Handler
 .text.map      0x0000000008003fbe       0x38 ./Core/Src/math.o
                0x0000000008003fbe                map
 *fill*         0x0000000008003ff6        0x2 
 .text.MX_SPI2_Init
                0x0000000008003ff8       0x74 ./Core/Src/spi.o
                0x0000000008003ff8                MX_SPI2_Init
 .text.MX_SPI3_Init
                0x000000000800406c       0x74 ./Core/Src/spi.o
                0x000000000800406c                MX_SPI3_Init
 .text.HAL_SPI_MspInit
                0x00000000080040e0      0x138 ./Core/Src/spi.o
                0x00000000080040e0                HAL_SPI_MspInit
 .text.HAL_MspInit
                0x0000000008004218       0x50 ./Core/Src/stm32f4xx_hal_msp.o
                0x0000000008004218                HAL_MspInit
 .text.NMI_Handler
                0x0000000008004268        0x6 ./Core/Src/stm32f4xx_it.o
                0x0000000008004268                NMI_Handler
 .text.HardFault_Handler
                0x000000000800426e        0x6 ./Core/Src/stm32f4xx_it.o
                0x000000000800426e                HardFault_Handler
 .text.MemManage_Handler
                0x0000000008004274        0x6 ./Core/Src/stm32f4xx_it.o
                0x0000000008004274                MemManage_Handler
 .text.BusFault_Handler
                0x000000000800427a        0x6 ./Core/Src/stm32f4xx_it.o
                0x000000000800427a                BusFault_Handler
 .text.UsageFault_Handler
                0x0000000008004280        0x6 ./Core/Src/stm32f4xx_it.o
                0x0000000008004280                UsageFault_Handler
 .text.SVC_Handler
                0x0000000008004286        0xe ./Core/Src/stm32f4xx_it.o
                0x0000000008004286                SVC_Handler
 .text.DebugMon_Handler
                0x0000000008004294        0xe ./Core/Src/stm32f4xx_it.o
                0x0000000008004294                DebugMon_Handler
 .text.PendSV_Handler
                0x00000000080042a2        0xe ./Core/Src/stm32f4xx_it.o
                0x00000000080042a2                PendSV_Handler
 .text.SysTick_Handler
                0x00000000080042b0        0xc ./Core/Src/stm32f4xx_it.o
                0x00000000080042b0                SysTick_Handler
 .text.USART1_IRQHandler
                0x00000000080042bc       0x14 ./Core/Src/stm32f4xx_it.o
                0x00000000080042bc                USART1_IRQHandler
 .text.USART3_IRQHandler
                0x00000000080042d0       0x14 ./Core/Src/stm32f4xx_it.o
                0x00000000080042d0                USART3_IRQHandler
 .text.EXTI15_10_IRQHandler
                0x00000000080042e4       0x10 ./Core/Src/stm32f4xx_it.o
                0x00000000080042e4                EXTI15_10_IRQHandler
 .text.UART5_IRQHandler
                0x00000000080042f4       0x14 ./Core/Src/stm32f4xx_it.o
                0x00000000080042f4                UART5_IRQHandler
 .text.TIM6_DAC_IRQHandler
                0x0000000008004308       0x14 ./Core/Src/stm32f4xx_it.o
                0x0000000008004308                TIM6_DAC_IRQHandler
 .text.SystemInit
                0x000000000800431c       0x24 ./Core/Src/system_stm32f4xx.o
                0x000000000800431c                SystemInit
 .text.MX_TIM1_Init
                0x0000000008004340      0x170 ./Core/Src/tim.o
                0x0000000008004340                MX_TIM1_Init
 .text.MX_TIM2_Init
                0x00000000080044b0      0x110 ./Core/Src/tim.o
                0x00000000080044b0                MX_TIM2_Init
 .text.MX_TIM3_Init
                0x00000000080045c0       0xe4 ./Core/Src/tim.o
                0x00000000080045c0                MX_TIM3_Init
 .text.MX_TIM4_Init
                0x00000000080046a4      0x118 ./Core/Src/tim.o
                0x00000000080046a4                MX_TIM4_Init
 .text.MX_TIM8_Init
                0x00000000080047bc      0x160 ./Core/Src/tim.o
                0x00000000080047bc                MX_TIM8_Init
 .text.MX_TIM9_Init
                0x000000000800491c       0xb8 ./Core/Src/tim.o
                0x000000000800491c                MX_TIM9_Init
 .text.MX_TIM10_Init
                0x00000000080049d4       0xb0 ./Core/Src/tim.o
                0x00000000080049d4                MX_TIM10_Init
 .text.MX_TIM11_Init
                0x0000000008004a84       0xb0 ./Core/Src/tim.o
                0x0000000008004a84                MX_TIM11_Init
 .text.MX_TIM12_Init
                0x0000000008004b34       0xb8 ./Core/Src/tim.o
                0x0000000008004b34                MX_TIM12_Init
 .text.MX_TIM13_Init
                0x0000000008004bec       0xb0 ./Core/Src/tim.o
                0x0000000008004bec                MX_TIM13_Init
 .text.MX_TIM14_Init
                0x0000000008004c9c       0xb0 ./Core/Src/tim.o
                0x0000000008004c9c                MX_TIM14_Init
 .text.HAL_TIM_PWM_MspInit
                0x0000000008004d4c      0x148 ./Core/Src/tim.o
                0x0000000008004d4c                HAL_TIM_PWM_MspInit
 .text.HAL_TIM_Base_MspInit
                0x0000000008004e94       0xc8 ./Core/Src/tim.o
                0x0000000008004e94                HAL_TIM_Base_MspInit
 .text.HAL_TIM_MspPostInit
                0x0000000008004f5c      0x3cc ./Core/Src/tim.o
                0x0000000008004f5c                HAL_TIM_MspPostInit
 .text.MX_UART5_Init
                0x0000000008005328       0x5c ./Core/Src/usart.o
                0x0000000008005328                MX_UART5_Init
 .text.MX_USART1_UART_Init
                0x0000000008005384       0x5c ./Core/Src/usart.o
                0x0000000008005384                MX_USART1_UART_Init
 .text.MX_USART3_UART_Init
                0x00000000080053e0       0x60 ./Core/Src/usart.o
                0x00000000080053e0                MX_USART3_UART_Init
 .text.HAL_UART_MspInit
                0x0000000008005440      0x1d8 ./Core/Src/usart.o
                0x0000000008005440                HAL_UART_MspInit
 .text.Reset_Handler
                0x0000000008005618       0x50 ./Core/Startup/startup_stm32f407vetx.o
                0x0000000008005618                Reset_Handler
 .text.Default_Handler
                0x0000000008005668        0x2 ./Core/Startup/startup_stm32f407vetx.o
                0x0000000008005668                RTC_Alarm_IRQHandler
                0x0000000008005668                HASH_RNG_IRQHandler
                0x0000000008005668                EXTI2_IRQHandler
                0x0000000008005668                TIM8_CC_IRQHandler
                0x0000000008005668                TIM1_CC_IRQHandler
                0x0000000008005668                DMA2_Stream5_IRQHandler
                0x0000000008005668                DMA1_Stream5_IRQHandler
                0x0000000008005668                PVD_IRQHandler
                0x0000000008005668                SDIO_IRQHandler
                0x0000000008005668                TAMP_STAMP_IRQHandler
                0x0000000008005668                CAN2_RX1_IRQHandler
                0x0000000008005668                EXTI3_IRQHandler
                0x0000000008005668                TIM8_TRG_COM_TIM14_IRQHandler
                0x0000000008005668                TIM1_UP_TIM10_IRQHandler
                0x0000000008005668                TIM8_UP_TIM13_IRQHandler
                0x0000000008005668                I2C3_ER_IRQHandler
                0x0000000008005668                EXTI0_IRQHandler
                0x0000000008005668                I2C2_EV_IRQHandler
                0x0000000008005668                DMA1_Stream2_IRQHandler
                0x0000000008005668                CAN1_RX0_IRQHandler
                0x0000000008005668                FPU_IRQHandler
                0x0000000008005668                OTG_HS_WKUP_IRQHandler
                0x0000000008005668                CAN2_SCE_IRQHandler
                0x0000000008005668                DMA2_Stream2_IRQHandler
                0x0000000008005668                SPI1_IRQHandler
                0x0000000008005668                TIM1_BRK_TIM9_IRQHandler
                0x0000000008005668                DCMI_IRQHandler
                0x0000000008005668                CAN2_RX0_IRQHandler
                0x0000000008005668                DMA2_Stream3_IRQHandler
                0x0000000008005668                USART6_IRQHandler
                0x0000000008005668                CAN1_RX1_IRQHandler
                0x0000000008005668                DMA2_Stream0_IRQHandler
                0x0000000008005668                TIM4_IRQHandler
                0x0000000008005668                I2C1_EV_IRQHandler
                0x0000000008005668                DMA1_Stream6_IRQHandler
                0x0000000008005668                DMA1_Stream1_IRQHandler
                0x0000000008005668                UART4_IRQHandler
                0x0000000008005668                TIM3_IRQHandler
                0x0000000008005668                RCC_IRQHandler
                0x0000000008005668                TIM8_BRK_TIM12_IRQHandler
                0x0000000008005668                Default_Handler
                0x0000000008005668                ADC_IRQHandler
                0x0000000008005668                DMA1_Stream7_IRQHandler
                0x0000000008005668                TIM7_IRQHandler
                0x0000000008005668                CAN2_TX_IRQHandler
                0x0000000008005668                TIM5_IRQHandler
                0x0000000008005668                DMA2_Stream7_IRQHandler
                0x0000000008005668                I2C3_EV_IRQHandler
                0x0000000008005668                EXTI9_5_IRQHandler
                0x0000000008005668                RTC_WKUP_IRQHandler
                0x0000000008005668                ETH_WKUP_IRQHandler
                0x0000000008005668                SPI2_IRQHandler
                0x0000000008005668                OTG_HS_EP1_IN_IRQHandler
                0x0000000008005668                DMA1_Stream0_IRQHandler
                0x0000000008005668                CAN1_TX_IRQHandler
                0x0000000008005668                EXTI4_IRQHandler
                0x0000000008005668                FSMC_IRQHandler
                0x0000000008005668                ETH_IRQHandler
                0x0000000008005668                OTG_HS_EP1_OUT_IRQHandler
                0x0000000008005668                WWDG_IRQHandler
                0x0000000008005668                TIM2_IRQHandler
                0x0000000008005668                OTG_FS_WKUP_IRQHandler
                0x0000000008005668                TIM1_TRG_COM_TIM11_IRQHandler
                0x0000000008005668                OTG_HS_IRQHandler
                0x0000000008005668                EXTI1_IRQHandler
                0x0000000008005668                USART2_IRQHandler
                0x0000000008005668                I2C2_ER_IRQHandler
                0x0000000008005668                DMA2_Stream1_IRQHandler
                0x0000000008005668                CAN1_SCE_IRQHandler
                0x0000000008005668                FLASH_IRQHandler
                0x0000000008005668                DMA2_Stream4_IRQHandler
                0x0000000008005668                OTG_FS_IRQHandler
                0x0000000008005668                SPI3_IRQHandler
                0x0000000008005668                DMA1_Stream4_IRQHandler
                0x0000000008005668                I2C1_ER_IRQHandler
                0x0000000008005668                DMA2_Stream6_IRQHandler
                0x0000000008005668                DMA1_Stream3_IRQHandler
 *fill*         0x000000000800566a        0x2 
 .text._Z18TIM_getTimerClkSrcP17TIM_HandleTypeDef
                0x000000000800566c      0x104 ./Drivers/ArduinoBackport/TimerHelpers.o
                0x000000000800566c                TIM_getTimerClkSrc(TIM_HandleTypeDef*)
 .text._Z19TIM_getTimerClkFreqP17TIM_HandleTypeDef
                0x0000000008005770       0xb0 ./Drivers/ArduinoBackport/TimerHelpers.o
                0x0000000008005770                TIM_getTimerClkFreq(TIM_HandleTypeDef*)
 .text._Z15TIM_setOverflowP17TIM_HandleTypeDefm13TimerFormat_t
                0x0000000008005820       0xc0 ./Drivers/ArduinoBackport/TimerHelpers.o
                0x0000000008005820                TIM_setOverflow(TIM_HandleTypeDef*, unsigned long, TimerFormat_t)
 .text._Z21TIM_setCaptureCompareP17TIM_HandleTypeDefmm20TimerCompareFormat_t
                0x00000000080058e0      0x114 ./Drivers/ArduinoBackport/TimerHelpers.o
                0x00000000080058e0                TIM_setCaptureCompare(TIM_HandleTypeDef*, unsigned long, unsigned long, TimerCompareFormat_t)
 .text._ZN3bfs6SbusTx5WriteEv
                0x00000000080059f4      0x35a ./Drivers/SBUS/sbus.o
                0x00000000080059f4                bfs::SbusTx::Write()
 *fill*         0x0000000008005d4e        0x2 
 .text.HAL_Init
                0x0000000008005d50       0x44 ./Drivers/STM32F4xx_HAL_Driver/Src/stm32f4xx_hal.o
                0x0000000008005d50                HAL_Init
 .text.HAL_InitTick
                0x0000000008005d94       0x60 ./Drivers/STM32F4xx_HAL_Driver/Src/stm32f4xx_hal.o
                0x0000000008005d94                HAL_InitTick
 .text.HAL_IncTick
                0x0000000008005df4       0x28 ./Drivers/STM32F4xx_HAL_Driver/Src/stm32f4xx_hal.o
                0x0000000008005df4                HAL_IncTick
 .text.HAL_GetTick
                0x0000000008005e1c       0x18 ./Drivers/STM32F4xx_HAL_Driver/Src/stm32f4xx_hal.o
                0x0000000008005e1c                HAL_GetTick
 .text.HAL_Delay
                0x0000000008005e34       0x48 ./Drivers/STM32F4xx_HAL_Driver/Src/stm32f4xx_hal.o
                0x0000000008005e34                HAL_Delay
 .text.__NVIC_SetPriorityGrouping
                0x0000000008005e7c       0x48 ./Drivers/STM32F4xx_HAL_Driver/Src/stm32f4xx_hal_cortex.o
 .text.__NVIC_GetPriorityGrouping
                0x0000000008005ec4       0x1c ./Drivers/STM32F4xx_HAL_Driver/Src/stm32f4xx_hal_cortex.o
 .text.__NVIC_EnableIRQ
                0x0000000008005ee0       0x3c ./Drivers/STM32F4xx_HAL_Driver/Src/stm32f4xx_hal_cortex.o
 .text.__NVIC_SetPriority
                0x0000000008005f1c       0x54 ./Drivers/STM32F4xx_HAL_Driver/Src/stm32f4xx_hal_cortex.o
 .text.NVIC_EncodePriority
                0x0000000008005f70       0x66 ./Drivers/STM32F4xx_HAL_Driver/Src/stm32f4xx_hal_cortex.o
 *fill*         0x0000000008005fd6        0x2 
 .text.SysTick_Config
                0x0000000008005fd8       0x44 ./Drivers/STM32F4xx_HAL_Driver/Src/stm32f4xx_hal_cortex.o
 .text.HAL_NVIC_SetPriorityGrouping
                0x000000000800601c       0x16 ./Drivers/STM32F4xx_HAL_Driver/Src/stm32f4xx_hal_cortex.o
                0x000000000800601c                HAL_NVIC_SetPriorityGrouping
 .text.HAL_NVIC_SetPriority
                0x0000000008006032       0x38 ./Drivers/STM32F4xx_HAL_Driver/Src/stm32f4xx_hal_cortex.o
                0x0000000008006032                HAL_NVIC_SetPriority
 .text.HAL_NVIC_EnableIRQ
                0x000000000800606a       0x1c ./Drivers/STM32F4xx_HAL_Driver/Src/stm32f4xx_hal_cortex.o
                0x000000000800606a                HAL_NVIC_EnableIRQ
 .text.HAL_SYSTICK_Config
                0x0000000008006086       0x18 ./Drivers/STM32F4xx_HAL_Driver/Src/stm32f4xx_hal_cortex.o
                0x0000000008006086                HAL_SYSTICK_Config
 .text.HAL_CRC_Init
                0x000000000800609e       0x38 ./Drivers/STM32F4xx_HAL_Driver/Src/stm32f4xx_hal_crc.o
                0x000000000800609e                HAL_CRC_Init
 .text.HAL_CRC_Calculate
                0x00000000080060d6       0x66 ./Drivers/STM32F4xx_HAL_Driver/Src/stm32f4xx_hal_crc.o
                0x00000000080060d6                HAL_CRC_Calculate
 .text.HAL_DAC_Init
                0x000000000800613c       0x44 ./Drivers/STM32F4xx_HAL_Driver/Src/stm32f4xx_hal_dac.o
                0x000000000800613c                HAL_DAC_Init
 .text.HAL_DAC_IRQHandler
                0x0000000008006180       0xb4 ./Drivers/STM32F4xx_HAL_Driver/Src/stm32f4xx_hal_dac.o
                0x0000000008006180                HAL_DAC_IRQHandler
 .text.HAL_DAC_DMAUnderrunCallbackCh1
                0x0000000008006234       0x14 ./Drivers/STM32F4xx_HAL_Driver/Src/stm32f4xx_hal_dac.o
                0x0000000008006234                HAL_DAC_DMAUnderrunCallbackCh1
 .text.HAL_DAC_ConfigChannel
                0x0000000008006248       0x9e ./Drivers/STM32F4xx_HAL_Driver/Src/stm32f4xx_hal_dac.o
                0x0000000008006248                HAL_DAC_ConfigChannel
 .text.HAL_DACEx_DMAUnderrunCallbackCh2
                0x00000000080062e6       0x14 ./Drivers/STM32F4xx_HAL_Driver/Src/stm32f4xx_hal_dac_ex.o
                0x00000000080062e6                HAL_DACEx_DMAUnderrunCallbackCh2
 .text.HAL_DMA_Abort
                0x00000000080062fa       0xe0 ./Drivers/STM32F4xx_HAL_Driver/Src/stm32f4xx_hal_dma.o
                0x00000000080062fa                HAL_DMA_Abort
 .text.HAL_DMA_Abort_IT
                0x00000000080063da       0x44 ./Drivers/STM32F4xx_HAL_Driver/Src/stm32f4xx_hal_dma.o
                0x00000000080063da                HAL_DMA_Abort_IT
 *fill*         0x000000000800641e        0x2 
 .text.HAL_GPIO_Init
                0x0000000008006420      0x338 ./Drivers/STM32F4xx_HAL_Driver/Src/stm32f4xx_hal_gpio.o
                0x0000000008006420                HAL_GPIO_Init
 .text.HAL_GPIO_ReadPin
                0x0000000008006758       0x30 ./Drivers/STM32F4xx_HAL_Driver/Src/stm32f4xx_hal_gpio.o
                0x0000000008006758                HAL_GPIO_ReadPin
 .text.HAL_GPIO_WritePin
                0x0000000008006788       0x32 ./Drivers/STM32F4xx_HAL_Driver/Src/stm32f4xx_hal_gpio.o
                0x0000000008006788                HAL_GPIO_WritePin
 .text.HAL_GPIO_TogglePin
                0x00000000080067ba       0x34 ./Drivers/STM32F4xx_HAL_Driver/Src/stm32f4xx_hal_gpio.o
                0x00000000080067ba                HAL_GPIO_TogglePin
 *fill*         0x00000000080067ee        0x2 
 .text.HAL_GPIO_EXTI_IRQHandler
                0x00000000080067f0       0x30 ./Drivers/STM32F4xx_HAL_Driver/Src/stm32f4xx_hal_gpio.o
                0x00000000080067f0                HAL_GPIO_EXTI_IRQHandler
 .text.HAL_I2C_Init
                0x0000000008006820      0x288 ./Drivers/STM32F4xx_HAL_Driver/Src/stm32f4xx_hal_i2c.o
                0x0000000008006820                HAL_I2C_Init
 .text.HAL_RCC_OscConfig
                0x0000000008006aa8      0x4f0 ./Drivers/STM32F4xx_HAL_Driver/Src/stm32f4xx_hal_rcc.o
                0x0000000008006aa8                HAL_RCC_OscConfig
 .text.HAL_RCC_ClockConfig
                0x0000000008006f98      0x1cc ./Drivers/STM32F4xx_HAL_Driver/Src/stm32f4xx_hal_rcc.o
                0x0000000008006f98                HAL_RCC_ClockConfig
 .text.HAL_RCC_GetSysClockFreq
                0x0000000008007164      0x20c ./Drivers/STM32F4xx_HAL_Driver/Src/stm32f4xx_hal_rcc.o
                0x0000000008007164                HAL_RCC_GetSysClockFreq
 .text.HAL_RCC_GetHCLKFreq
                0x0000000008007370       0x18 ./Drivers/STM32F4xx_HAL_Driver/Src/stm32f4xx_hal_rcc.o
                0x0000000008007370                HAL_RCC_GetHCLKFreq
 .text.HAL_RCC_GetPCLK1Freq
                0x0000000008007388       0x28 ./Drivers/STM32F4xx_HAL_Driver/Src/stm32f4xx_hal_rcc.o
                0x0000000008007388                HAL_RCC_GetPCLK1Freq
 .text.HAL_RCC_GetPCLK2Freq
                0x00000000080073b0       0x28 ./Drivers/STM32F4xx_HAL_Driver/Src/stm32f4xx_hal_rcc.o
                0x00000000080073b0                HAL_RCC_GetPCLK2Freq
 .text.HAL_RCC_GetClockConfig
                0x00000000080073d8       0x64 ./Drivers/STM32F4xx_HAL_Driver/Src/stm32f4xx_hal_rcc.o
                0x00000000080073d8                HAL_RCC_GetClockConfig
 .text.HAL_SPI_Init
                0x000000000800743c      0x112 ./Drivers/STM32F4xx_HAL_Driver/Src/stm32f4xx_hal_spi.o
                0x000000000800743c                HAL_SPI_Init
 .text.HAL_SPI_Transmit
                0x000000000800754e      0x278 ./Drivers/STM32F4xx_HAL_Driver/Src/stm32f4xx_hal_spi.o
                0x000000000800754e                HAL_SPI_Transmit
 .text.HAL_SPI_Receive
                0x00000000080077c6      0x222 ./Drivers/STM32F4xx_HAL_Driver/Src/stm32f4xx_hal_spi.o
                0x00000000080077c6                HAL_SPI_Receive
 .text.HAL_SPI_TransmitReceive
                0x00000000080079e8      0x344 ./Drivers/STM32F4xx_HAL_Driver/Src/stm32f4xx_hal_spi.o
                0x00000000080079e8                HAL_SPI_TransmitReceive
 .text.SPI_WaitFlagStateUntilTimeout
                0x0000000008007d2c      0x110 ./Drivers/STM32F4xx_HAL_Driver/Src/stm32f4xx_hal_spi.o
 .text.SPI_EndRxTransaction
                0x0000000008007e3c       0xca ./Drivers/STM32F4xx_HAL_Driver/Src/stm32f4xx_hal_spi.o
 *fill*         0x0000000008007f06        0x2 
 .text.SPI_EndRxTxTransaction
                0x0000000008007f08       0x84 ./Drivers/STM32F4xx_HAL_Driver/Src/stm32f4xx_hal_spi.o
 .text.HAL_TIM_Base_Init
                0x0000000008007f8c       0x9e ./Drivers/STM32F4xx_HAL_Driver/Src/stm32f4xx_hal_tim.o
                0x0000000008007f8c                HAL_TIM_Base_Init
 .text.HAL_TIM_PWM_Init
                0x000000000800802a       0x9e ./Drivers/STM32F4xx_HAL_Driver/Src/stm32f4xx_hal_tim.o
                0x000000000800802a                HAL_TIM_PWM_Init
 .text.HAL_TIM_PWM_Start
                0x00000000080080c8      0x190 ./Drivers/STM32F4xx_HAL_Driver/Src/stm32f4xx_hal_tim.o
                0x00000000080080c8                HAL_TIM_PWM_Start
 .text.HAL_TIM_PWM_ConfigChannel
                0x0000000008008258      0x184 ./Drivers/STM32F4xx_HAL_Driver/Src/stm32f4xx_hal_tim.o
                0x0000000008008258                HAL_TIM_PWM_ConfigChannel
 .text.HAL_TIM_GenerateEvent
                0x00000000080083dc       0x4e ./Drivers/STM32F4xx_HAL_Driver/Src/stm32f4xx_hal_tim.o
                0x00000000080083dc                HAL_TIM_GenerateEvent
 *fill*         0x000000000800842a        0x2 
 .text.TIM_Base_SetConfig
                0x000000000800842c      0x140 ./Drivers/STM32F4xx_HAL_Driver/Src/stm32f4xx_hal_tim.o
                0x000000000800842c                TIM_Base_SetConfig
 .text.TIM_OC1_SetConfig
                0x000000000800856c       0xe0 ./Drivers/STM32F4xx_HAL_Driver/Src/stm32f4xx_hal_tim.o
 .text.TIM_OC2_SetConfig
                0x000000000800864c       0xec ./Drivers/STM32F4xx_HAL_Driver/Src/stm32f4xx_hal_tim.o
                0x000000000800864c                TIM_OC2_SetConfig
 .text.TIM_OC3_SetConfig
                0x0000000008008738       0xe8 ./Drivers/STM32F4xx_HAL_Driver/Src/stm32f4xx_hal_tim.o
 .text.TIM_OC4_SetConfig
                0x0000000008008820       0xac ./Drivers/STM32F4xx_HAL_Driver/Src/stm32f4xx_hal_tim.o
 .text.TIM_CCxChannelCmd
                0x00000000080088cc       0x4a ./Drivers/STM32F4xx_HAL_Driver/Src/stm32f4xx_hal_tim.o
                0x00000000080088cc                TIM_CCxChannelCmd
 *fill*         0x0000000008008916        0x2 
 .text.HAL_TIMEx_MasterConfigSynchronization
                0x0000000008008918       0xf8 ./Drivers/STM32F4xx_HAL_Driver/Src/stm32f4xx_hal_tim_ex.o
                0x0000000008008918                HAL_TIMEx_MasterConfigSynchronization
 .text.HAL_TIMEx_ConfigBreakDeadTime
                0x0000000008008a10       0xa4 ./Drivers/STM32F4xx_HAL_Driver/Src/stm32f4xx_hal_tim_ex.o
                0x0000000008008a10                HAL_TIMEx_ConfigBreakDeadTime
 .text.HAL_UART_Init
                0x0000000008008ab4       0xb4 ./Drivers/STM32F4xx_HAL_Driver/Src/stm32f4xx_hal_uart.o
                0x0000000008008ab4                HAL_UART_Init
 .text.HAL_UART_RegisterCallback
                0x0000000008008b68      0x150 ./Drivers/STM32F4xx_HAL_Driver/Src/stm32f4xx_hal_uart.o
                0x0000000008008b68                HAL_UART_RegisterCallback
 .text.HAL_UART_Transmit
                0x0000000008008cb8      0x124 ./Drivers/STM32F4xx_HAL_Driver/Src/stm32f4xx_hal_uart.o
                0x0000000008008cb8                HAL_UART_Transmit
 .text.HAL_UART_Receive
                0x0000000008008ddc      0x144 ./Drivers/STM32F4xx_HAL_Driver/Src/stm32f4xx_hal_uart.o
                0x0000000008008ddc                HAL_UART_Receive
 .text.HAL_UART_Transmit_IT
                0x0000000008008f20       0x8a ./Drivers/STM32F4xx_HAL_Driver/Src/stm32f4xx_hal_uart.o
                0x0000000008008f20                HAL_UART_Transmit_IT
 .text.HAL_UART_Receive_IT
                0x0000000008008faa       0x60 ./Drivers/STM32F4xx_HAL_Driver/Src/stm32f4xx_hal_uart.o
                0x0000000008008faa                HAL_UART_Receive_IT
 *fill*         0x000000000800900a        0x2 
 .text.HAL_UART_IRQHandler
                0x000000000800900c      0x524 ./Drivers/STM32F4xx_HAL_Driver/Src/stm32f4xx_hal_uart.o
                0x000000000800900c                HAL_UART_IRQHandler
 .text.HAL_UART_TxCpltCallback
                0x0000000008009530       0x14 ./Drivers/STM32F4xx_HAL_Driver/Src/stm32f4xx_hal_uart.o
                0x0000000008009530                HAL_UART_TxCpltCallback
 .text.HAL_UART_TxHalfCpltCallback
                0x0000000008009544       0x14 ./Drivers/STM32F4xx_HAL_Driver/Src/stm32f4xx_hal_uart.o
                0x0000000008009544                HAL_UART_TxHalfCpltCallback
 .text.HAL_UART_RxCpltCallback
                0x0000000008009558       0x14 ./Drivers/STM32F4xx_HAL_Driver/Src/stm32f4xx_hal_uart.o
                0x0000000008009558                HAL_UART_RxCpltCallback
 .text.HAL_UART_RxHalfCpltCallback
                0x000000000800956c       0x14 ./Drivers/STM32F4xx_HAL_Driver/Src/stm32f4xx_hal_uart.o
                0x000000000800956c                HAL_UART_RxHalfCpltCallback
 .text.HAL_UART_ErrorCallback
                0x0000000008009580       0x14 ./Drivers/STM32F4xx_HAL_Driver/Src/stm32f4xx_hal_uart.o
                0x0000000008009580                HAL_UART_ErrorCallback
 .text.HAL_UART_AbortCpltCallback
                0x0000000008009594       0x14 ./Drivers/STM32F4xx_HAL_Driver/Src/stm32f4xx_hal_uart.o
                0x0000000008009594                HAL_UART_AbortCpltCallback
 .text.HAL_UART_AbortTransmitCpltCallback
                0x00000000080095a8       0x14 ./Drivers/STM32F4xx_HAL_Driver/Src/stm32f4xx_hal_uart.o
                0x00000000080095a8                HAL_UART_AbortTransmitCpltCallback
 .text.HAL_UART_AbortReceiveCpltCallback
                0x00000000080095bc       0x14 ./Drivers/STM32F4xx_HAL_Driver/Src/stm32f4xx_hal_uart.o
                0x00000000080095bc                HAL_UART_AbortReceiveCpltCallback
 .text.HAL_UARTEx_RxEventCallback
                0x00000000080095d0       0x18 ./Drivers/STM32F4xx_HAL_Driver/Src/stm32f4xx_hal_uart.o
                0x00000000080095d0                HAL_UARTEx_RxEventCallback
 .text.UART_InitCallbacksToDefault
                0x00000000080095e8       0x70 ./Drivers/STM32F4xx_HAL_Driver/Src/stm32f4xx_hal_uart.o
                0x00000000080095e8                UART_InitCallbacksToDefault
 .text.UART_WaitOnFlagUntilTimeout
                0x0000000008009658       0xdc ./Drivers/STM32F4xx_HAL_Driver/Src/stm32f4xx_hal_uart.o
 .text.UART_Start_Receive_IT
                0x0000000008009734       0x7c ./Drivers/STM32F4xx_HAL_Driver/Src/stm32f4xx_hal_uart.o
                0x0000000008009734                UART_Start_Receive_IT
 .text.UART_EndRxTransfer
                0x00000000080097b0       0xc6 ./Drivers/STM32F4xx_HAL_Driver/Src/stm32f4xx_hal_uart.o
 .text.UART_DMAAbortOnError
                0x0000000008009876       0x2a ./Drivers/STM32F4xx_HAL_Driver/Src/stm32f4xx_hal_uart.o
 .text.UART_Transmit_IT
                0x00000000080098a0       0xa0 ./Drivers/STM32F4xx_HAL_Driver/Src/stm32f4xx_hal_uart.o
 .text.UART_EndTransmit_IT
                0x0000000008009940       0x32 ./Drivers/STM32F4xx_HAL_Driver/Src/stm32f4xx_hal_uart.o
 .text.UART_Receive_IT
                0x0000000008009972      0x17a ./Drivers/STM32F4xx_HAL_Driver/Src/stm32f4xx_hal_uart.o
 .text.UART_SetConfig
                0x0000000008009aec      0x4e8 ./Drivers/STM32F4xx_HAL_Driver/Src/stm32f4xx_hal_uart.o
 .text.gencrc   0x0000000008009fd4       0xf8 ./Drivers/SharedCode/SharedFunctions.o
                0x0000000008009fd4                gencrc
 .text._Z8Delay_msm
                0x000000000800a0cc       0x16 ./Drivers/nrf24l01/src/nrf24.o
                0x000000000800a0cc                Delay_ms(unsigned long)
 *fill*         0x000000000800a0e2        0x2 
 .text._Z11nRF24_CSN_Lv
                0x000000000800a0e4       0x20 ./Drivers/nrf24l01/src/nrf24.o
                0x000000000800a0e4                nRF24_CSN_L()
 .text._Z11nRF24_CSN_Hv
                0x000000000800a104       0x20 ./Drivers/nrf24l01/src/nrf24.o
                0x000000000800a104                nRF24_CSN_H()
 .text._Z11nRF24_LL_RWh
                0x000000000800a124       0x74 ./Drivers/nrf24l01/src/nrf24.o
                0x000000000800a124                nRF24_LL_RW(unsigned char)
 .text._ZL13nRF24_ReadRegh
                0x000000000800a198       0x34 ./Drivers/nrf24l01/src/nrf24.o
 .text._ZL14nRF24_WriteReghh
                0x000000000800a1cc       0x6c ./Drivers/nrf24l01/src/nrf24.o
 .text._ZL15nRF24_ReadMBReghPhh
                0x000000000800a238       0x4e ./Drivers/nrf24l01/src/nrf24.o
 .text._ZL16nRF24_WriteMBReghPhh
                0x000000000800a286       0x4c ./Drivers/nrf24l01/src/nrf24.o
 .text._Z10nRF24_Initv
                0x000000000800a2d2       0x98 ./Drivers/nrf24l01/src/nrf24.o
                0x000000000800a2d2                nRF24_Init()
 *fill*         0x000000000800a36a        0x2 
 .text._Z11nRF24_Checkv
                0x000000000800a36c       0x64 ./Drivers/nrf24l01/src/nrf24.o
                0x000000000800a36c                nRF24_Check()
 .text._Z18nRF24_SetPowerModeh
                0x000000000800a3d0       0x3e ./Drivers/nrf24l01/src/nrf24.o
                0x000000000800a3d0                nRF24_SetPowerMode(unsigned char)
 .text._Z24nRF24_SetOperationalModeh
                0x000000000800a40e       0x3c ./Drivers/nrf24l01/src/nrf24.o
                0x000000000800a40e                nRF24_SetOperationalMode(unsigned char)
 .text._Z29nRF24_SetDynamicPayloadLengthh
                0x000000000800a44a       0x54 ./Drivers/nrf24l01/src/nrf24.o
                0x000000000800a44a                nRF24_SetDynamicPayloadLength(unsigned char)
 .text._Z23nRF24_SetPayloadWithAckh
                0x000000000800a49e       0x44 ./Drivers/nrf24l01/src/nrf24.o
                0x000000000800a49e                nRF24_SetPayloadWithAck(unsigned char)
 .text._Z18nRF24_SetCRCSchemeh
                0x000000000800a4e2       0x3c ./Drivers/nrf24l01/src/nrf24.o
                0x000000000800a4e2                nRF24_SetCRCScheme(unsigned char)
 .text._Z18nRF24_SetRFChannelh
                0x000000000800a51e       0x1c ./Drivers/nrf24l01/src/nrf24.o
                0x000000000800a51e                nRF24_SetRFChannel(unsigned char)
 .text._Z18nRF24_SetAddrWidthh
                0x000000000800a53a       0x20 ./Drivers/nrf24l01/src/nrf24.o
                0x000000000800a53a                nRF24_SetAddrWidth(unsigned char)
 *fill*         0x000000000800a55a        0x2 
 .text._Z13nRF24_SetAddrhPKh
                0x000000000800a55c       0x9c ./Drivers/nrf24l01/src/nrf24.o
                0x000000000800a55c                nRF24_SetAddr(unsigned char, unsigned char const*)
 .text._Z16nRF24_SetTXPowerh
                0x000000000800a5f8       0x36 ./Drivers/nrf24l01/src/nrf24.o
                0x000000000800a5f8                nRF24_SetTXPower(unsigned char)
 .text._Z17nRF24_SetDataRateh
                0x000000000800a62e       0x36 ./Drivers/nrf24l01/src/nrf24.o
                0x000000000800a62e                nRF24_SetDataRate(unsigned char)
 .text._Z15nRF24_SetRXPipehhh
                0x000000000800a664       0xa8 ./Drivers/nrf24l01/src/nrf24.o
                0x000000000800a664                nRF24_SetRXPipe(unsigned char, unsigned char, unsigned char)
 .text._Z14nRF24_EnableAAh
                0x000000000800a70c       0x3a ./Drivers/nrf24l01/src/nrf24.o
                0x000000000800a70c                nRF24_EnableAA(unsigned char)
 .text._Z17nRF24_GetIRQFlagsv
                0x000000000800a746       0x16 ./Drivers/nrf24l01/src/nrf24.o
                0x000000000800a746                nRF24_GetIRQFlags()
 .text._Z13nRF24_FlushTXv
                0x000000000800a75c       0x10 ./Drivers/nrf24l01/src/nrf24.o
                0x000000000800a75c                nRF24_FlushTX()
 .text._Z13nRF24_FlushRXv
                0x000000000800a76c       0x10 ./Drivers/nrf24l01/src/nrf24.o
                0x000000000800a76c                nRF24_FlushRX()
 .text._Z19nRF24_ClearIRQFlagsv
                0x000000000800a77c       0x2a ./Drivers/nrf24l01/src/nrf24.o
                0x000000000800a77c                nRF24_ClearIRQFlags()
 .text._ZL26nRF24_GetRxDplPayloadWidthv
                0x000000000800a7a6       0x28 ./Drivers/nrf24l01/src/nrf24.o
 *fill*         0x000000000800a7ce        0x2 
 .text._ZL24nRF24_ReadPayloadGenericPhS_h
                0x000000000800a7d0       0x90 ./Drivers/nrf24l01/src/nrf24.o
 .text._Z20nRF24_ReadPayloadDplPhS_
                0x000000000800a860       0x1e ./Drivers/nrf24l01/src/nrf24.o
                0x000000000800a860                nRF24_ReadPayloadDpl(unsigned char*, unsigned char*)
 .text._Z21nRF24_WriteAckPayload14nRF24_RXResultPhh
                0x000000000800a87e       0x52 ./Drivers/nrf24l01/src/nrf24.o
                0x000000000800a87e                nRF24_WriteAckPayload(nRF24_RXResult, unsigned char*, unsigned char)
 .text.W25qxx_Spi
                0x000000000800a8d0       0x2c ./Drivers/w25qxx/w25qxx.o
                0x000000000800a8d0                W25qxx_Spi
 .text.W25qxx_ReadID
                0x000000000800a8fc       0x6c ./Drivers/w25qxx/w25qxx.o
                0x000000000800a8fc                W25qxx_ReadID
 .text.W25qxx_ReadUniqID
                0x000000000800a968       0x6c ./Drivers/w25qxx/w25qxx.o
                0x000000000800a968                W25qxx_ReadUniqID
 .text.W25qxx_WriteEnable
                0x000000000800a9d4       0x2c ./Drivers/w25qxx/w25qxx.o
                0x000000000800a9d4                W25qxx_WriteEnable
 .text.W25qxx_ReadStatusRegister
                0x000000000800aa00       0x8c ./Drivers/w25qxx/w25qxx.o
                0x000000000800aa00                W25qxx_ReadStatusRegister
 .text.W25qxx_WaitForWriteEnd
                0x000000000800aa8c       0x54 ./Drivers/w25qxx/w25qxx.o
                0x000000000800aa8c                W25qxx_WaitForWriteEnd
 .text.W25qxx_Init
                0x000000000800aae0      0x1a4 ./Drivers/w25qxx/w25qxx.o
                0x000000000800aae0                W25qxx_Init
 .text.W25qxx_EraseBlock
                0x000000000800ac84       0xb4 ./Drivers/w25qxx/w25qxx.o
                0x000000000800ac84                W25qxx_EraseBlock
 .text.W25qxx_BlockToPage
                0x000000000800ad38       0x2c ./Drivers/w25qxx/w25qxx.o
                0x000000000800ad38                W25qxx_BlockToPage
 .text.W25qxx_WritePage
                0x000000000800ad64      0x108 ./Drivers/w25qxx/w25qxx.o
                0x000000000800ad64                W25qxx_WritePage
 .text.W25qxx_WriteBlock
                0x000000000800ae6c       0xc4 ./Drivers/w25qxx/w25qxx.o
                0x000000000800ae6c                W25qxx_WriteBlock
 .text.W25qxx_ReadPage
                0x000000000800af30       0xfc ./Drivers/w25qxx/w25qxx.o
                0x000000000800af30                W25qxx_ReadPage
 .text.W25qxx_ReadBlock
                0x000000000800b02c       0xc4 ./Drivers/w25qxx/w25qxx.o
                0x000000000800b02c                W25qxx_ReadBlock
 .text._ZdlPvj  0x000000000800b0f0        0x4 C:/ST/STM32CubeIDE_1.2.0/STM32CubeIDE/plugins/com.st.stm32cube.ide.mcu.externaltools.gnu-tools-for-stm32.11.3.rel1.win32_1.1.0.202305231506/tools/bin/../lib/gcc/arm-none-eabi/11.3.1/../../../../arm-none-eabi/lib/thumb/v7e-m+fp/hard\libstdc++_nano.a(del_ops.o)
                0x000000000800b0f0                operator delete(void*, unsigned int)
 .text._Znwj    0x000000000800b0f4       0x22 C:/ST/STM32CubeIDE_1.2.0/STM32CubeIDE/plugins/com.st.stm32cube.ide.mcu.externaltools.gnu-tools-for-stm32.11.3.rel1.win32_1.1.0.202305231506/tools/bin/../lib/gcc/arm-none-eabi/11.3.1/../../../../arm-none-eabi/lib/thumb/v7e-m+fp/hard\libstdc++_nano.a(new_op.o)
                0x000000000800b0f4                operator new(unsigned int)
 .text.unlikely._ZSt17__throw_bad_allocv
                0x000000000800b116        0x6 C:/ST/STM32CubeIDE_1.2.0/STM32CubeIDE/plugins/com.st.stm32cube.ide.mcu.externaltools.gnu-tools-for-stm32.11.3.rel1.win32_1.1.0.202305231506/tools/bin/../lib/gcc/arm-none-eabi/11.3.1/../../../../arm-none-eabi/lib/thumb/v7e-m+fp/hard\libstdc++_nano.a(functexcept.o)
                0x000000000800b116                std::__throw_bad_alloc()
 .text.unlikely._ZSt28__throw_bad_array_new_lengthv
                0x000000000800b11c        0x6 C:/ST/STM32CubeIDE_1.2.0/STM32CubeIDE/plugins/com.st.stm32cube.ide.mcu.externaltools.gnu-tools-for-stm32.11.3.rel1.win32_1.1.0.202305231506/tools/bin/../lib/gcc/arm-none-eabi/11.3.1/../../../../arm-none-eabi/lib/thumb/v7e-m+fp/hard\libstdc++_nano.a(functexcept.o)
                0x000000000800b11c                std::__throw_bad_array_new_length()
 .text.unlikely._ZSt20__throw_length_errorPKc
                0x000000000800b122        0x6 C:/ST/STM32CubeIDE_1.2.0/STM32CubeIDE/plugins/com.st.stm32cube.ide.mcu.externaltools.gnu-tools-for-stm32.11.3.rel1.win32_1.1.0.202305231506/tools/bin/../lib/gcc/arm-none-eabi/11.3.1/../../../../arm-none-eabi/lib/thumb/v7e-m+fp/hard\libstdc++_nano.a(functexcept.o)
                0x000000000800b122                std::__throw_length_error(char const*)
 .text._ZdlPv   0x000000000800b128        0x4 C:/ST/STM32CubeIDE_1.2.0/STM32CubeIDE/plugins/com.st.stm32cube.ide.mcu.externaltools.gnu-tools-for-stm32.11.3.rel1.win32_1.1.0.202305231506/tools/bin/../lib/gcc/arm-none-eabi/11.3.1/../../../../arm-none-eabi/lib/thumb/v7e-m+fp/hard\libstdc++_nano.a(del_op.o)
                0x000000000800b128                operator delete(void*)
 .text._ZSt15get_new_handlerv
                0x000000000800b12c       0x10 C:/ST/STM32CubeIDE_1.2.0/STM32CubeIDE/plugins/com.st.stm32cube.ide.mcu.externaltools.gnu-tools-for-stm32.11.3.rel1.win32_1.1.0.202305231506/tools/bin/../lib/gcc/arm-none-eabi/11.3.1/../../../../arm-none-eabi/lib/thumb/v7e-m+fp/hard\libstdc++_nano.a(new_handler.o)
                0x000000000800b12c                std::get_new_handler()
 .text.abort    0x000000000800b13c        0xe C:/ST/STM32CubeIDE_1.2.0/STM32CubeIDE/plugins/com.st.stm32cube.ide.mcu.externaltools.gnu-tools-for-stm32.11.3.rel1.win32_1.1.0.202305231506/tools/bin/../lib/gcc/arm-none-eabi/11.3.1/../../../../arm-none-eabi/lib/thumb/v7e-m+fp/hard\libc_nano.a(libc_a-abort.o)
                0x000000000800b13c                abort
 *fill*         0x000000000800b14a        0x2 
 .text.malloc   0x000000000800b14c       0x10 C:/ST/STM32CubeIDE_1.2.0/STM32CubeIDE/plugins/com.st.stm32cube.ide.mcu.externaltools.gnu-tools-for-stm32.11.3.rel1.win32_1.1.0.202305231506/tools/bin/../lib/gcc/arm-none-eabi/11.3.1/../../../../arm-none-eabi/lib/thumb/v7e-m+fp/hard\libc_nano.a(libc_a-malloc.o)
                0x000000000800b14c                malloc
 .text.free     0x000000000800b15c       0x10 C:/ST/STM32CubeIDE_1.2.0/STM32CubeIDE/plugins/com.st.stm32cube.ide.mcu.externaltools.gnu-tools-for-stm32.11.3.rel1.win32_1.1.0.202305231506/tools/bin/../lib/gcc/arm-none-eabi/11.3.1/../../../../arm-none-eabi/lib/thumb/v7e-m+fp/hard\libc_nano.a(libc_a-malloc.o)
                0x000000000800b15c                free
 .text.sbrk_aligned
                0x000000000800b16c       0x40 C:/ST/STM32CubeIDE_1.2.0/STM32CubeIDE/plugins/com.st.stm32cube.ide.mcu.externaltools.gnu-tools-for-stm32.11.3.rel1.win32_1.1.0.202305231506/tools/bin/../lib/gcc/arm-none-eabi/11.3.1/../../../../arm-none-eabi/lib/thumb/v7e-m+fp/hard\libc_nano.a(libc_a-mallocr.o)
 .text._malloc_r
                0x000000000800b1ac      0x100 C:/ST/STM32CubeIDE_1.2.0/STM32CubeIDE/plugins/com.st.stm32cube.ide.mcu.externaltools.gnu-tools-for-stm32.11.3.rel1.win32_1.1.0.202305231506/tools/bin/../lib/gcc/arm-none-eabi/11.3.1/../../../../arm-none-eabi/lib/thumb/v7e-m+fp/hard\libc_nano.a(libc_a-mallocr.o)
                0x000000000800b1ac                _malloc_r
 .text.__malloc_lock
                0x000000000800b2ac        0xc C:/ST/STM32CubeIDE_1.2.0/STM32CubeIDE/plugins/com.st.stm32cube.ide.mcu.externaltools.gnu-tools-for-stm32.11.3.rel1.win32_1.1.0.202305231506/tools/bin/../lib/gcc/arm-none-eabi/11.3.1/../../../../arm-none-eabi/lib/thumb/v7e-m+fp/hard\libc_nano.a(libc_a-mlock.o)
                0x000000000800b2ac                __malloc_lock
 .text.__malloc_unlock
                0x000000000800b2b8        0xc C:/ST/STM32CubeIDE_1.2.0/STM32CubeIDE/plugins/com.st.stm32cube.ide.mcu.externaltools.gnu-tools-for-stm32.11.3.rel1.win32_1.1.0.202305231506/tools/bin/../lib/gcc/arm-none-eabi/11.3.1/../../../../arm-none-eabi/lib/thumb/v7e-m+fp/hard\libc_nano.a(libc_a-mlock.o)
                0x000000000800b2b8                __malloc_unlock
 .text.__cvt    0x000000000800b2c4       0xc4 C:/ST/STM32CubeIDE_1.2.0/STM32CubeIDE/plugins/com.st.stm32cube.ide.mcu.externaltools.gnu-tools-for-stm32.11.3.rel1.win32_1.1.0.202305231506/tools/bin/../lib/gcc/arm-none-eabi/11.3.1/../../../../arm-none-eabi/lib/thumb/v7e-m+fp/hard\libc_nano.a(libc_a-nano-vfprintf_float.o)
                0x000000000800b2c4                __cvt
 .text.__exponent
                0x000000000800b388       0x7c C:/ST/STM32CubeIDE_1.2.0/STM32CubeIDE/plugins/com.st.stm32cube.ide.mcu.externaltools.gnu-tools-for-stm32.11.3.rel1.win32_1.1.0.202305231506/tools/bin/../lib/gcc/arm-none-eabi/11.3.1/../../../../arm-none-eabi/lib/thumb/v7e-m+fp/hard\libc_nano.a(libc_a-nano-vfprintf_float.o)
                0x000000000800b388                __exponent
 .text._printf_float
                0x000000000800b404      0x46c C:/ST/STM32CubeIDE_1.2.0/STM32CubeIDE/plugins/com.st.stm32cube.ide.mcu.externaltools.gnu-tools-for-stm32.11.3.rel1.win32_1.1.0.202305231506/tools/bin/../lib/gcc/arm-none-eabi/11.3.1/../../../../arm-none-eabi/lib/thumb/v7e-m+fp/hard\libc_nano.a(libc_a-nano-vfprintf_float.o)
                0x000000000800b404                _printf_float
 .text._printf_common
                0x000000000800b870       0xda C:/ST/STM32CubeIDE_1.2.0/STM32CubeIDE/plugins/com.st.stm32cube.ide.mcu.externaltools.gnu-tools-for-stm32.11.3.rel1.win32_1.1.0.202305231506/tools/bin/../lib/gcc/arm-none-eabi/11.3.1/../../../../arm-none-eabi/lib/thumb/v7e-m+fp/hard\libc_nano.a(libc_a-nano-vfprintf_i.o)
                0x000000000800b870                _printf_common
 *fill*         0x000000000800b94a        0x2 
 .text._printf_i
                0x000000000800b94c      0x244 C:/ST/STM32CubeIDE_1.2.0/STM32CubeIDE/plugins/com.st.stm32cube.ide.mcu.externaltools.gnu-tools-for-stm32.11.3.rel1.win32_1.1.0.202305231506/tools/bin/../lib/gcc/arm-none-eabi/11.3.1/../../../../arm-none-eabi/lib/thumb/v7e-m+fp/hard\libc_nano.a(libc_a-nano-vfprintf_i.o)
                0x000000000800b94c                _printf_i
 .text.std      0x000000000800bb90       0x48 C:/ST/STM32CubeIDE_1.2.0/STM32CubeIDE/plugins/com.st.stm32cube.ide.mcu.externaltools.gnu-tools-for-stm32.11.3.rel1.win32_1.1.0.202305231506/tools/bin/../lib/gcc/arm-none-eabi/11.3.1/../../../../arm-none-eabi/lib/thumb/v7e-m+fp/hard\libc_nano.a(libc_a-findfp.o)
 .text.stdio_exit_handler
                0x000000000800bbd8       0x18 C:/ST/STM32CubeIDE_1.2.0/STM32CubeIDE/plugins/com.st.stm32cube.ide.mcu.externaltools.gnu-tools-for-stm32.11.3.rel1.win32_1.1.0.202305231506/tools/bin/../lib/gcc/arm-none-eabi/11.3.1/../../../../arm-none-eabi/lib/thumb/v7e-m+fp/hard\libc_nano.a(libc_a-findfp.o)
 .text.cleanup_stdio
                0x000000000800bbf0       0x40 C:/ST/STM32CubeIDE_1.2.0/STM32CubeIDE/plugins/com.st.stm32cube.ide.mcu.externaltools.gnu-tools-for-stm32.11.3.rel1.win32_1.1.0.202305231506/tools/bin/../lib/gcc/arm-none-eabi/11.3.1/../../../../arm-none-eabi/lib/thumb/v7e-m+fp/hard\libc_nano.a(libc_a-findfp.o)
 .text.global_stdio_init.part.0
                0x000000000800bc30       0x3c C:/ST/STM32CubeIDE_1.2.0/STM32CubeIDE/plugins/com.st.stm32cube.ide.mcu.externaltools.gnu-tools-for-stm32.11.3.rel1.win32_1.1.0.202305231506/tools/bin/../lib/gcc/arm-none-eabi/11.3.1/../../../../arm-none-eabi/lib/thumb/v7e-m+fp/hard\libc_nano.a(libc_a-findfp.o)
 .text.__sfp_lock_acquire
                0x000000000800bc6c        0xc C:/ST/STM32CubeIDE_1.2.0/STM32CubeIDE/plugins/com.st.stm32cube.ide.mcu.externaltools.gnu-tools-for-stm32.11.3.rel1.win32_1.1.0.202305231506/tools/bin/../lib/gcc/arm-none-eabi/11.3.1/../../../../arm-none-eabi/lib/thumb/v7e-m+fp/hard\libc_nano.a(libc_a-findfp.o)
                0x000000000800bc6c                __sfp_lock_acquire
 .text.__sfp_lock_release
                0x000000000800bc78        0xc C:/ST/STM32CubeIDE_1.2.0/STM32CubeIDE/plugins/com.st.stm32cube.ide.mcu.externaltools.gnu-tools-for-stm32.11.3.rel1.win32_1.1.0.202305231506/tools/bin/../lib/gcc/arm-none-eabi/11.3.1/../../../../arm-none-eabi/lib/thumb/v7e-m+fp/hard\libc_nano.a(libc_a-findfp.o)
                0x000000000800bc78                __sfp_lock_release
 .text.__sinit  0x000000000800bc84       0x30 C:/ST/STM32CubeIDE_1.2.0/STM32CubeIDE/plugins/com.st.stm32cube.ide.mcu.externaltools.gnu-tools-for-stm32.11.3.rel1.win32_1.1.0.202305231506/tools/bin/../lib/gcc/arm-none-eabi/11.3.1/../../../../arm-none-eabi/lib/thumb/v7e-m+fp/hard\libc_nano.a(libc_a-findfp.o)
                0x000000000800bc84                __sinit
 .text._fwalk_sglue
                0x000000000800bcb4       0x3c C:/ST/STM32CubeIDE_1.2.0/STM32CubeIDE/plugins/com.st.stm32cube.ide.mcu.externaltools.gnu-tools-for-stm32.11.3.rel1.win32_1.1.0.202305231506/tools/bin/../lib/gcc/arm-none-eabi/11.3.1/../../../../arm-none-eabi/lib/thumb/v7e-m+fp/hard\libc_nano.a(libc_a-fwalk.o)
                0x000000000800bcb4                _fwalk_sglue
 .text.printf   0x000000000800bcf0       0x24 C:/ST/STM32CubeIDE_1.2.0/STM32CubeIDE/plugins/com.st.stm32cube.ide.mcu.externaltools.gnu-tools-for-stm32.11.3.rel1.win32_1.1.0.202305231506/tools/bin/../lib/gcc/arm-none-eabi/11.3.1/../../../../arm-none-eabi/lib/thumb/v7e-m+fp/hard\libc_nano.a(libc_a-printf.o)
                0x000000000800bcf0                iprintf
                0x000000000800bcf0                printf
 .text._puts_r  0x000000000800bd14       0xa8 C:/ST/STM32CubeIDE_1.2.0/STM32CubeIDE/plugins/com.st.stm32cube.ide.mcu.externaltools.gnu-tools-for-stm32.11.3.rel1.win32_1.1.0.202305231506/tools/bin/../lib/gcc/arm-none-eabi/11.3.1/../../../../arm-none-eabi/lib/thumb/v7e-m+fp/hard\libc_nano.a(libc_a-puts.o)
                0x000000000800bd14                _puts_r
 .text.puts     0x000000000800bdbc       0x10 C:/ST/STM32CubeIDE_1.2.0/STM32CubeIDE/plugins/com.st.stm32cube.ide.mcu.externaltools.gnu-tools-for-stm32.11.3.rel1.win32_1.1.0.202305231506/tools/bin/../lib/gcc/arm-none-eabi/11.3.1/../../../../arm-none-eabi/lib/thumb/v7e-m+fp/hard\libc_nano.a(libc_a-puts.o)
                0x000000000800bdbc                puts
 .text.sprintf  0x000000000800bdcc       0x40 C:/ST/STM32CubeIDE_1.2.0/STM32CubeIDE/plugins/com.st.stm32cube.ide.mcu.externaltools.gnu-tools-for-stm32.11.3.rel1.win32_1.1.0.202305231506/tools/bin/../lib/gcc/arm-none-eabi/11.3.1/../../../../arm-none-eabi/lib/thumb/v7e-m+fp/hard\libc_nano.a(libc_a-sprintf.o)
                0x000000000800bdcc                siprintf
                0x000000000800bdcc                sprintf
 .text.__sread  0x000000000800be0c       0x22 C:/ST/STM32CubeIDE_1.2.0/STM32CubeIDE/plugins/com.st.stm32cube.ide.mcu.externaltools.gnu-tools-for-stm32.11.3.rel1.win32_1.1.0.202305231506/tools/bin/../lib/gcc/arm-none-eabi/11.3.1/../../../../arm-none-eabi/lib/thumb/v7e-m+fp/hard\libc_nano.a(libc_a-stdio.o)
                0x000000000800be0c                __sread
 .text.__swrite
                0x000000000800be2e       0x38 C:/ST/STM32CubeIDE_1.2.0/STM32CubeIDE/plugins/com.st.stm32cube.ide.mcu.externaltools.gnu-tools-for-stm32.11.3.rel1.win32_1.1.0.202305231506/tools/bin/../lib/gcc/arm-none-eabi/11.3.1/../../../../arm-none-eabi/lib/thumb/v7e-m+fp/hard\libc_nano.a(libc_a-stdio.o)
                0x000000000800be2e                __swrite
 .text.__sseek  0x000000000800be66       0x24 C:/ST/STM32CubeIDE_1.2.0/STM32CubeIDE/plugins/com.st.stm32cube.ide.mcu.externaltools.gnu-tools-for-stm32.11.3.rel1.win32_1.1.0.202305231506/tools/bin/../lib/gcc/arm-none-eabi/11.3.1/../../../../arm-none-eabi/lib/thumb/v7e-m+fp/hard\libc_nano.a(libc_a-stdio.o)
                0x000000000800be66                __sseek
 .text.__sclose
                0x000000000800be8a        0x8 C:/ST/STM32CubeIDE_1.2.0/STM32CubeIDE/plugins/com.st.stm32cube.ide.mcu.externaltools.gnu-tools-for-stm32.11.3.rel1.win32_1.1.0.202305231506/tools/bin/../lib/gcc/arm-none-eabi/11.3.1/../../../../arm-none-eabi/lib/thumb/v7e-m+fp/hard\libc_nano.a(libc_a-stdio.o)
                0x000000000800be8a                __sclose
 .text.__swbuf_r
                0x000000000800be92       0x7a C:/ST/STM32CubeIDE_1.2.0/STM32CubeIDE/plugins/com.st.stm32cube.ide.mcu.externaltools.gnu-tools-for-stm32.11.3.rel1.win32_1.1.0.202305231506/tools/bin/../lib/gcc/arm-none-eabi/11.3.1/../../../../arm-none-eabi/lib/thumb/v7e-m+fp/hard\libc_nano.a(libc_a-wbuf.o)
                0x000000000800be92                __swbuf_r
 .text.__swsetup_r
                0x000000000800bf0c       0xb0 C:/ST/STM32CubeIDE_1.2.0/STM32CubeIDE/plugins/com.st.stm32cube.ide.mcu.externaltools.gnu-tools-for-stm32.11.3.rel1.win32_1.1.0.202305231506/tools/bin/../lib/gcc/arm-none-eabi/11.3.1/../../../../arm-none-eabi/lib/thumb/v7e-m+fp/hard\libc_nano.a(libc_a-wsetup.o)
                0x000000000800bf0c                __swsetup_r
 .text.memmove  0x000000000800bfbc       0x34 C:/ST/STM32CubeIDE_1.2.0/STM32CubeIDE/plugins/com.st.stm32cube.ide.mcu.externaltools.gnu-tools-for-stm32.11.3.rel1.win32_1.1.0.202305231506/tools/bin/../lib/gcc/arm-none-eabi/11.3.1/../../../../arm-none-eabi/lib/thumb/v7e-m+fp/hard\libc_nano.a(libc_a-memmove.o)
                0x000000000800bfbc                memmove
 .text.memset   0x000000000800bff0       0x10 C:/ST/STM32CubeIDE_1.2.0/STM32CubeIDE/plugins/com.st.stm32cube.ide.mcu.externaltools.gnu-tools-for-stm32.11.3.rel1.win32_1.1.0.202305231506/tools/bin/../lib/gcc/arm-none-eabi/11.3.1/../../../../arm-none-eabi/lib/thumb/v7e-m+fp/hard\libc_nano.a(libc_a-memset.o)
                0x000000000800bff0                memset
 .text._raise_r
                0x000000000800c000       0x50 C:/ST/STM32CubeIDE_1.2.0/STM32CubeIDE/plugins/com.st.stm32cube.ide.mcu.externaltools.gnu-tools-for-stm32.11.3.rel1.win32_1.1.0.202305231506/tools/bin/../lib/gcc/arm-none-eabi/11.3.1/../../../../arm-none-eabi/lib/thumb/v7e-m+fp/hard\libc_nano.a(libc_a-signal.o)